This is pdfTeX, Version 3.141592653-2.6-1.40.25 (TeX Live 2023/Debian) (preloaded format=pdflatex 2026.9.19)  21 SEP 2026 09:12
entering extended mode
 restricted \write18 enabled.
 %&-line parsing enabled.
**main.tex
(./main.tex
LaTeX2e <2023-11-01> patch level 1
L3 programming layer <2024-01-22>
(/usr/share/texlive/texmf-dist/tex/latex/abntex2/abntex2.cls
Document Class: abntex2 2018/11/24 v-1.9.7 abnTeX2
(/usr/share/texlive/texmf-dist/tex/latex/base/ifthen.sty
Package: ifthen 2022/04/13 v1.1d Standard LaTeX ifthen package (DPC)
)
(/usr/share/texlive/texmf-dist/tex/latex/memoir/memoir.cls
Document Class: memoir 2024/01/26 v3.8.2 configurable book, report, article doc
ument class
(/usr/share/texlive/texmf-dist/tex/latex/xpatch/xpatch.sty
(/usr/share/texlive/texmf-dist/tex/latex/l3kernel/expl3.sty
Package: expl3 2024-01-22 L3 programming layer (loader) 

(/usr/share/texlive/texmf-dist/tex/latex/l3backend/l3backend-pdftex.def
File: l3backend-pdftex.def 2024-01-04 L3 backend support: PDF output (pdfTeX)
\l__color_backend_stack_int=\count187
\l__pdf_internal_box=\box51
))
Package: xpatch 2020/03/25 v0.3a Extending etoolbox patching commands

(/usr/share/texlive/texmf-dist/tex/latex/l3packages/xparse/xparse.sty
Package: xparse 2023-10-10 L3 Experimental document command parser
)
(/usr/share/texlive/texmf-dist/tex/latex/etoolbox/etoolbox.sty
Package: etoolbox 2020/10/05 v2.5k e-TeX tools for LaTeX (JAW)
\etb@tempcnta=\count188
))
\onelineskip=\skip48
\lxvchars=\skip49
\xlvchars=\skip50
\@memcnta=\count189
\c@@memmarkcntra=\count190

(/usr/share/texlive/texmf-dist/tex/generic/iftex/iftex.sty
Package: iftex 2022/02/03 v1.0f TeX engine tests
)
\trimtop=\skip51
\trimedge=\skip52

(/usr/share/texlive/texmf-dist/tex/latex/memoir/mem12.clo
File: mem12.clo 2022/07/29 v0.5 memoir class 12pt size option
)
\binding=\skip53
\spinemargin=\skip54
\foremargin=\skip55
\uppermargin=\skip56
\lowermargin=\skip57
\headdrop=\skip58
\normalrulethickness=\skip59
\mem@maxheadheight=\skip60
\mem@maxfootheight=\skip61
\headwidth=\skip62
\c@storedpagenumber=\count191
\memPD=\dimen140
\m@mabparskip=\skip63
\thanksmarkwidth=\skip64
\thanksmarksep=\skip65
\droptitle=\skip66
\c@book=\count192
\c@part=\count193
\c@chapter=\count194
\c@section=\count195
\c@subsection=\count196
\c@subsubsection=\count197
\c@paragraph=\count198
\c@subparagraph=\count199
\beforechapskip=\skip67
\midchapskip=\skip68
\afterchapskip=\skip69
\chapindent=\skip70
\bottomsectionskip=\skip71
\secindent=\skip72
\beforesecskip=\skip73
\aftersecskip=\skip74
\subsecindent=\skip75
\beforesubsecskip=\skip76
\aftersubsecskip=\skip77
\subsubsecindent=\skip78
\beforesubsubsecskip=\skip79
\aftersubsubsecskip=\skip80
\paraindent=\skip81
\beforeparaskip=\skip82
\afterparaskip=\skip83
\subparaindent=\skip84
\beforesubparaskip=\skip85
\aftersubparaskip=\skip86
\pfbreakskip=\skip87
\c@@ppsavesec=\count266
\c@@ppsaveapp=\count267
\ragrparindent=\dimen141
\everylistparindent=\dimen142
\parsepi=\skip88
\topsepi=\skip89
\itemsepi=\skip90
\parsepii=\skip91
\topsepii=\skip92
\topsepiii=\skip93
\itemsepii=\skip94
\itemsepiii=\skip95
\partopsepii=\skip96
\partopsepiii=\skip97
\m@msavetopsep=\skip98
\m@msavepartopsep=\skip99
\@enLab=\toks17
\abstitleskip=\skip100
\absleftindent=\skip101
\abs@leftindent=\dimen143
\absrightindent=\skip102
\absparindent=\skip103
\absparsep=\skip104
\c@vslineno=\count268
\c@poemline=\count269
\c@modulo@vs=\count270
\c@memfvsline=\count271
\vleftskip=\skip105
\vrightskip=\skip106
\stanzaskip=\skip107
\versewidth=\skip108
\vgap=\skip109
\vindent=\skip110
\vleftmargin=\dimen144
\c@verse=\count272
\c@chrsinstr=\count273
\beforepoemtitleskip=\skip111
\afterpoemtitleskip=\skip112
\c@poem=\count274
\beforePoemTitleskip=\skip113
\midPoemTitleskip=\skip114
\afterPoemTitleskip=\skip115

(/usr/share/texlive/texmf-dist/tex/latex/tools/array.sty
Package: array 2023/10/16 v2.5g Tabular extension package (FMi)
\col@sep=\dimen145
\ar@mcellbox=\box52
\extrarowheight=\dimen146
\NC@list=\toks18
\extratabsurround=\skip116
\backup@length=\skip117
\ar@cellbox=\box53
)
(/usr/share/texlive/texmf-dist/tex/latex/tools/dcolumn.sty
Package: dcolumn 2023/07/08 v1.06 decimal alignment package (DPC)
)
(/usr/share/texlive/texmf-dist/tex/latex/tools/delarray.sty
Package: delarray 2014/10/28 v1.01 array delimiter package (DPC)
)
(/usr/share/texlive/texmf-dist/tex/latex/tools/tabularx.sty
Package: tabularx 2023/07/08 v2.11c `tabularx' package (DPC)
\TX@col@width=\dimen147
\TX@old@table=\dimen148
\TX@old@col=\dimen149
\TX@target=\dimen150
\TX@delta=\dimen151
\TX@cols=\count275
\TX@ftn=\toks19
)
(/usr/share/texlive/texmf-dist/tex/latex/booktabs/booktabs.sty
Package: booktabs 2020/01/12 v1.61803398 Publication quality tables
\heavyrulewidth=\dimen152
\lightrulewidth=\dimen153
\cmidrulewidth=\dimen154
\belowrulesep=\dimen155
\belowbottomsep=\dimen156
\aboverulesep=\dimen157
\abovetopsep=\dimen158
\cmidrulesep=\dimen159
\cmidrulekern=\dimen160
\defaultaddspace=\dimen161
\@cmidla=\count276
\@cmidlb=\count277
\@aboverulesep=\dimen162
\@belowrulesep=\dimen163
\@thisruleclass=\count278
\@lastruleclass=\count279
\@thisrulewidth=\dimen164
)
\ctableftskip=\skip118
\ctabrightskip=\skip119
\abovecolumnspenalty=\count280
\@linestogo=\count281
\@cellstogo=\count282
\@cellsincolumn=\count283
\crtok=\toks20
\@mincolumnwidth=\dimen165
\c@newflo@tctr=\count284
\mem@margin@floatbox=\box54
\@contcwidth=\skip120
\@contindw=\skip121
\abovecaptionskip=\skip122
\belowcaptionskip=\skip123
\subfloattopskip=\skip124
\subfloatcapskip=\skip125
\subfloatcaptopadj=\skip126
\subfloatbottomskip=\skip127
\subfloatlabelskip=\skip128
\subfloatcapmargin=\dimen166
\c@@contsubnum=\count285
\m@mscap@capbox=\box55
\m@mscap@fbox=\box56
\sidecapsep=\dimen167
\sidecapwidth=\dimen168
\m@m@tempdima=\dimen169
\m@mscapraise=\dimen170
\sidecapraise=\dimen171
\m@mscapmainwidth=\dimen172
\m@mscaplkern=\dimen173
\beforeepigraphskip=\skip129
\afterepigraphskip=\skip130
\epigraphwidth=\skip131
\epigraphrule=\skip132
LaTeX Info: Redefining \em on input line 6932.
LaTeX Info: Redefining \emph on input line 6940.

(/usr/share/texlive/texmf-dist/tex/latex/hyperref/nameref.sty
Package: nameref 2023-11-26 v2.56 Cross-referencing by name of section

(/usr/share/texlive/texmf-dist/tex/latex/refcount/refcount.sty
Package: refcount 2019/12/15 v3.6 Data extraction from label references (HO)

(/usr/share/texlive/texmf-dist/tex/generic/ltxcmds/ltxcmds.sty
Package: ltxcmds 2023-12-04 v1.26 LaTeX kernel commands for general use (HO)
)
(/usr/share/texlive/texmf-dist/tex/generic/infwarerr/infwarerr.sty
Package: infwarerr 2019/12/03 v1.5 Providing info/warning/error messages (HO)
))
(/usr/share/texlive/texmf-dist/tex/generic/gettitlestring/gettitlestring.sty
Package: gettitlestring 2019/12/15 v1.6 Cleanup title references (HO)

(/usr/share/texlive/texmf-dist/tex/latex/kvoptions/kvoptions.sty
Package: kvoptions 2022-06-15 v3.15 Key value format for package options (HO)

(/usr/share/texlive/texmf-dist/tex/latex/graphics/keyval.sty
Package: keyval 2022/05/29 v1.15 key=value parser (DPC)
\KV@toks@=\toks21
)
(/usr/share/texlive/texmf-dist/tex/latex/kvsetkeys/kvsetkeys.sty
Package: kvsetkeys 2022-10-05 v1.19 Key value parser (HO)
)))
\c@section@level=\count286
)
\tocentryskip=\skip133
\tocbaseline=\skip134
\cftparskip=\skip135
\cftbeforebookskip=\skip136
\cftbookindent=\dimen174
\cftbooknumwidth=\dimen175
\cftbeforepartskip=\skip137
\cftpartindent=\skip138
\cftpartnumwidth=\skip139
\cftbeforechapterskip=\skip140
\cftchapterindent=\skip141
\cftchapternumwidth=\skip142
\cftbeforesectionskip=\skip143
\cftsectionindent=\skip144
\cftsectionnumwidth=\skip145
\cftbeforesubsectionskip=\skip146
\cftsubsectionindent=\skip147
\cftsubsectionnumwidth=\skip148
\cftbeforesubsubsectionskip=\skip149
\cftsubsubsectionindent=\skip150
\cftsubsubsectionnumwidth=\skip151
\cftbeforeparagraphskip=\skip152
\cftparagraphindent=\skip153
\cftparagraphnumwidth=\skip154
\cftbeforesubparagraphskip=\skip155
\cftsubparagraphindent=\skip156
\cftsubparagraphnumwidth=\skip157
\prechapterprecisshift=\dimen176
\c@maxsecnumdepth=\count287
\bibindent=\dimen177
\bibitemsep=\skip158
\indexcolsep=\skip159
\indexrule=\skip160
\indexmarkstyle=\toks22
\@indexbox=\insert252
LaTeX Info: Redefining \raggedbottom on input line 7935.
LaTeX Info: Redefining \flushbottom on input line 7939.
\glossarycolsep=\dimen178
\glossaryrule=\dimen179
\sideparvshift=\skip161
\sideins=\insert251
\sidebartopsep=\skip162
\sidebarhsep=\skip163
\sidebarvsep=\skip164
\sidebarwidth=\skip165
\footmarkwidth=\skip166
\footmarksep=\skip167
\footparindent=\skip168
\footinsdim=\skip169
\footinsv@r=\insert250
\@mpfootinsv@r=\insert249
\m@m@k=\count288
\m@m@h=\dimen180
\m@mipn@skip=\skip170
\sidefootins=\insert248
\sidefootadjust=\skip171
\sidefootheight=\skip172
\sidefoothsep=\skip173
\sidefootvsep=\skip174
\sidefootwidth=\skip175
\m@mdownsf=\skip176
\c@sidefootnote=\count289
\sidefootmarkwidth=\skip177
\sidefootmarksep=\skip178
\sidefootparindent=\skip179
\c@pagenote=\count290
\c@pagenoteshadow=\count291
\mem@pn@lastkern=\skip180

(/usr/share/texlive/texmf-dist/tex/latex/tools/verbatim.sty
Package: verbatim 2023-11-06 v1.5v LaTeX2e package for verbatim enhancements
\every@verbatim=\toks23
\verbatim@line=\toks24
\verbatim@in@stream=\read2
)
\verbatimindent=\skip181
\verbatim@out=\write3

(/usr/share/texlive/texmf-dist/tex/latex/base/shortvrb.sty
Package: shortvrb 2022/11/13 v3.0m Standard LaTeX documentation package V3 (FMi
)
)
\bvboxsep=\skip182
\c@memfbvline=\count292
\c@bvlinectr=\count293
\bvnumlength=\skip183
\fb@frw=\dimen181
\fb@frh=\dimen182
\FrameRule=\dimen183
\FrameSep=\dimen184
\c@cp@cntr=\count294
\c@ism@mctr=\count295
\c@xsm@mctr=\count296
\c@csm@mctr=\count297
\c@ksm@mctr=\count298
\c@xksm@mctr=\count299
\c@cksm@mctr=\count300
\c@msm@mctr=\count301
\c@xmsm@mctr=\count302
\c@cmsm@mctr=\count303
\c@bsm@mctr=\count304
\c@workm@mctr=\count305
\c@sheetsequence=\count306
\c@lastsheet=\count307
\c@lastpage=\count308

(/usr/share/texlive/texmf-dist/tex/latex/textcase/textcase.sty
Package: textcase 2023/07/27 v1.04 Text only upper/lower case changing (DPC)
Package textcase Info: Defining Legacy names on input line 20.
)
\c@figure=\count309
\c@lofdepth=\count310
\cftbeforefigureskip=\skip184
\cftfigureindent=\skip185
\cftfigurenumwidth=\skip186
\c@table=\count311
\c@lotdepth=\count312
\cftbeforetableskip=\skip187
\cfttableindent=\skip188
\cfttablenumwidth=\skip189
Package abstract [2008/07/23] emulated by memoir.
Package appendix [2008/07/23] emulated by memoir.
Package ccaption [2008/07/23] emulated by memoir.
Package changepage [2008/07/23] emulated by memoir.
Package chngcntr [2008/07/23] emulated by memoir.
Package chngpage [2008/07/23] emulated by memoir.
Package crop emulated by memoir.
Package enumerate [2008/07/23] emulated by memoir.
Package epigraph [2008/07/23] emulated by memoir.
Package ifmtarg [2008/07/23] emulated by memoir.
Package index [2008/07/23] emulated by memoir.
Package makeidx [2008/07/23] emulated by memoir.
Package moreverb [2008/07/23] emulated by memoir.
Package needspace [2008/07/23] emulated by memoir.
Package newfile [2008/07/23] emulated by memoir.
Package nextpage [2008/07/23] emulated by memoir.
Package pagenote [2008/07/23] emulated by memoir.
Package parskip [2008/07/23] emulated by memoir.
Package patchcmd [2008/07/23] emulated by memoir.
Package setspace [2008/07/23] emulated by memoir.
Package shortvrb [2008/07/23] emulated by memoir.
Package showidx [2008/07/23] emulated by memoir.
Package titleref [2008/07/23] emulated by memoir.
Package titling [2008/07/23] emulated by memoir.
Package tocbibind [2008/07/23] emulated by memoir.
Package tocloft [2008/07/23] emulated by memoir.
Package tocvsec2 [2008/07/23] emulated by memoir.
Package verbatim [2008/07/23] emulated by memoir.
Package verse [2008/07/23] emulated by memoir.
)
(/usr/share/texlive/texmf-dist/tex/latex/hyperref/hyperref.sty
Package: hyperref 2024-01-20 v7.01h Hypertext links for LaTeX

(/usr/share/texlive/texmf-dist/tex/generic/kvdefinekeys/kvdefinekeys.sty
Package: kvdefinekeys 2019-12-19 v1.6 Define keys (HO)
)
(/usr/share/texlive/texmf-dist/tex/generic/pdfescape/pdfescape.sty
Package: pdfescape 2019/12/09 v1.15 Implements pdfTeX's escape features (HO)

(/usr/share/texlive/texmf-dist/tex/generic/pdftexcmds/pdftexcmds.sty
Package: pdftexcmds 2020-06-27 v0.33 Utility functions of pdfTeX for LuaTeX (HO
)
Package pdftexcmds Info: \pdf@primitive is available.
Package pdftexcmds Info: \pdf@ifprimitive is available.
Package pdftexcmds Info: \pdfdraftmode found.
))
(/usr/share/texlive/texmf-dist/tex/latex/hycolor/hycolor.sty
Package: hycolor 2020-01-27 v1.10 Color options for hyperref/bookmark (HO)
)
(/usr/share/texlive/texmf-dist/tex/latex/auxhook/auxhook.sty
Package: auxhook 2019-12-17 v1.6 Hooks for auxiliary files (HO)
)
\@linkdim=\dimen185
\Hy@linkcounter=\count313
\Hy@pagecounter=\count314

(/usr/share/texlive/texmf-dist/tex/latex/hyperref/pd1enc.def
File: pd1enc.def 2024-01-20 v7.01h Hyperref: PDFDocEncoding definition (HO)
Now handling font encoding PD1 ...
... no UTF-8 mapping file for font encoding PD1
)
(/usr/share/texlive/texmf-dist/tex/generic/intcalc/intcalc.sty
Package: intcalc 2019/12/15 v1.3 Expandable calculations with integers (HO)
)
\Hy@SavedSpaceFactor=\count315

(/usr/share/texlive/texmf-dist/tex/latex/hyperref/puenc.def
File: puenc.def 2024-01-20 v7.01h Hyperref: PDF Unicode definition (HO)
Now handling font encoding PU ...
... no UTF-8 mapping file for font encoding PU
)
Package hyperref Info: Hyper figures OFF on input line 4179.
Package hyperref Info: Link nesting OFF on input line 4184.
Package hyperref Info: Hyper index ON on input line 4187.
Package hyperref Info: Plain pages OFF on input line 4194.
Package hyperref Info: Backreferencing OFF on input line 4199.
Package hyperref Info: Implicit mode ON; LaTeX internals redefined.
Package hyperref Info: Bookmarks ON on input line 4446.
\c@Hy@tempcnt=\count316

(/usr/share/texlive/texmf-dist/tex/latex/url/url.sty
\Urlmuskip=\muskip16
Package: url 2013/09/16  ver 3.4  Verb mode for urls, etc.
)
LaTeX Info: Redefining \url on input line 4784.
\XeTeXLinkMargin=\dimen186

(/usr/share/texlive/texmf-dist/tex/generic/bitset/bitset.sty
Package: bitset 2019/12/09 v1.3 Handle bit-vector datatype (HO)

(/usr/share/texlive/texmf-dist/tex/generic/bigintcalc/bigintcalc.sty
Package: bigintcalc 2019/12/15 v1.5 Expandable calculations on big integers (HO
)
))
\Fld@menulength=\count317
\Field@Width=\dimen187
\Fld@charsize=\dimen188
Package hyperref Info: Hyper figures OFF on input line 6063.
Package hyperref Info: Link nesting OFF on input line 6068.
Package hyperref Info: Hyper index ON on input line 6071.
Package hyperref Info: backreferencing OFF on input line 6078.
Package hyperref Info: Link coloring OFF on input line 6083.
Package hyperref Info: Link coloring with OCG OFF on input line 6088.
Package hyperref Info: PDF/A mode OFF on input line 6093.

(/usr/share/texlive/texmf-dist/tex/latex/base/atbegshi-ltx.sty
Package: atbegshi-ltx 2021/01/10 v1.0c Emulation of the original atbegshi
package with kernel methods
)
\Hy@abspage=\count318
\c@Item=\count319
\c@Hfootnote=\count320
)
Package hyperref Info: Driver (autodetected): hpdftex.

(/usr/share/texlive/texmf-dist/tex/latex/hyperref/hpdftex.def
File: hpdftex.def 2024-01-20 v7.01h Hyperref driver for pdfTeX

(/usr/share/texlive/texmf-dist/tex/latex/base/atveryend-ltx.sty
Package: atveryend-ltx 2020/08/19 v1.0a Emulation of the original atveryend pac
kage
with kernel methods
)
\Fld@listcount=\count321
\c@bookmark@seq@number=\count322

(/usr/share/texlive/texmf-dist/tex/latex/rerunfilecheck/rerunfilecheck.sty
Package: rerunfilecheck 2022-07-10 v1.10 Rerun checks for auxiliary files (HO)

(/usr/share/texlive/texmf-dist/tex/generic/uniquecounter/uniquecounter.sty
Package: uniquecounter 2019/12/15 v1.4 Provide unlimited unique counter (HO)
)
Package uniquecounter Info: New unique counter `rerunfilecheck' on input line 2
85.
)
\Hy@SectionHShift=\skip190
)
(/usr/share/texlive/texmf-dist/tex/latex/memoir/memhfixc.sty
Package: memhfixc 2023/09/10 v1.22 hyperref package fixes for memoir class
\c@memhycontfloat=\count323
\c@Hpagenote=\count324
)
(/usr/share/texlive/texmf-dist/tex/latex/bookmark/bookmark.sty
Package: bookmark 2023-12-10 v1.31 PDF bookmarks (HO)

(/usr/share/texlive/texmf-dist/tex/latex/bookmark/bkm-pdftex.def
File: bkm-pdftex.def 2023-12-10 v1.31 bookmark driver for pdfTeX and luaTeX (HO
)
\BKM@id=\count325
))
(/usr/share/texlive/texmf-dist/tex/generic/babel/babel.sty
Package: babel 2024/01/07 v24.1 The Babel package
\babel@savecnt=\count326
\U@D=\dimen189
\l@unhyphenated=\language10

(/usr/share/texlive/texmf-dist/tex/generic/babel/txtbabel.def)
\bbl@readstream=\read3
\bbl@dirlevel=\count327

(/usr/share/texlive/texmf-dist/tex/generic/babel-portuges/brazil.ldf
Language: portuges 2021/07/09 v1.2t Portuguese support from the babel system
Package babel Info: Hyphen rules for 'brazil' set to \l@portuguese
(babel)             (\language5). Reported on input line 111.
Package babel Info: Making " an active character on input line 143.
))
(/usr/share/texlive/texmf-dist/tex/latex/enumitem/enumitem.sty
Package: enumitem 2019/06/20 v3.9 Customized lists
\labelindent=\skip191
\enit@outerparindent=\dimen190
\enit@toks=\toks25
\enit@inbox=\box57
\enit@count@id=\count328
\enitdp@description=\count329
)
(/usr/share/texlive/texmf-dist/tex/latex/tools/calc.sty
Package: calc 2023/07/08 v4.3 Infix arithmetic (KKT,FJ)
\calc@Acount=\count330
\calc@Bcount=\count331
\calc@Adimen=\dimen191
\calc@Bdimen=\dimen192
\calc@Askip=\skip192
\calc@Bskip=\skip193
LaTeX Info: Redefining \setlength on input line 80.
LaTeX Info: Redefining \addtolength on input line 81.
\calc@Ccount=\count332
\calc@Cskip=\skip194
)

******************************************************
Stock height and width: 845.04684pt by 597.50787pt
Top and edge trims: 0pt and 0pt
Page height and width: 845.04684pt by 597.50787pt
Text height and width: 708pt by 455pt
Spine and edge margins: 85.35826pt and 56.9055pt
Upper and lower margins: 85.35826pt and 51.68858pt
Headheight and headsep: 14.5pt and 19.8738pt
Footskip: 30pt
Columnsep and columnseprule: 10pt and 0pt
Marginparsep and marginparwidth: 7pt and 42.9055pt
Sidecapsep and sidecapwidth: 7pt and 42pt
Sidebarhsep and sidebarwidth: 7pt and 42pt
Sidebarvsep and sidebartopsep: 14.5pt and 0pt
Sidebarheight: 590.14995pt
Sidefoothsep and sidefootwidth: 7pt and 42pt
Sidefootvsep and sidefootheight: 14.5pt and 590.14995pt
******************************************************

\c@abntex@bookmarkcounter=\count333
\cftlastnumwidth=\skip195
\chapternamenumlength=\skip196
\ABNTEXcitacaorecuo=\skip197
\c@alineasi=\count334
\c@alineasii=\count335
\enitdp@alineas=\count336
\c@subalineasi=\count337
\enitdp@subalineas=\count338
\c@incisosi=\count339
\enitdp@incisos=\count340
\ABNTEXsignwidth=\skip198
\ABNTEXsignthickness=\skip199
\ABNTEXsignskip=\skip256
) (./setup/ufscthesisA4-alf.sty (/usr/share/texmf/tex/latex/lm/lmodern.sty
Package: lmodern 2015/05/01 v1.6.1 Latin Modern Fonts
LaTeX Font Info:    Overwriting symbol font `operators' in version `normal'
(Font)                  OT1/cmr/m/n --> OT1/lmr/m/n on input line 22.
LaTeX Font Info:    Overwriting symbol font `letters' in version `normal'
(Font)                  OML/cmm/m/it --> OML/lmm/m/it on input line 23.
LaTeX Font Info:    Overwriting symbol font `symbols' in version `normal'
(Font)                  OMS/cmsy/m/n --> OMS/lmsy/m/n on input line 24.
LaTeX Font Info:    Overwriting symbol font `largesymbols' in version `normal'
(Font)                  OMX/cmex/m/n --> OMX/lmex/m/n on input line 25.
LaTeX Font Info:    Overwriting symbol font `operators' in version `bold'
(Font)                  OT1/cmr/bx/n --> OT1/lmr/bx/n on input line 26.
LaTeX Font Info:    Overwriting symbol font `letters' in version `bold'
(Font)                  OML/cmm/b/it --> OML/lmm/b/it on input line 27.
LaTeX Font Info:    Overwriting symbol font `symbols' in version `bold'
(Font)                  OMS/cmsy/b/n --> OMS/lmsy/b/n on input line 28.
LaTeX Font Info:    Overwriting symbol font `largesymbols' in version `bold'
(Font)                  OMX/cmex/m/n --> OMX/lmex/m/n on input line 29.
LaTeX Font Info:    Overwriting math alphabet `\mathbf' in version `normal'
(Font)                  OT1/cmr/bx/n --> OT1/lmr/bx/n on input line 31.
LaTeX Font Info:    Overwriting math alphabet `\mathsf' in version `normal'
(Font)                  OT1/cmss/m/n --> OT1/lmss/m/n on input line 32.
LaTeX Font Info:    Overwriting math alphabet `\mathit' in version `normal'
(Font)                  OT1/cmr/m/it --> OT1/lmr/m/it on input line 33.
LaTeX Font Info:    Overwriting math alphabet `\mathtt' in version `normal'
(Font)                  OT1/cmtt/m/n --> OT1/lmtt/m/n on input line 34.
LaTeX Font Info:    Overwriting math alphabet `\mathbf' in version `bold'
(Font)                  OT1/cmr/bx/n --> OT1/lmr/bx/n on input line 35.
LaTeX Font Info:    Overwriting math alphabet `\mathsf' in version `bold'
(Font)                  OT1/cmss/bx/n --> OT1/lmss/bx/n on input line 36.
LaTeX Font Info:    Overwriting math alphabet `\mathit' in version `bold'
(Font)                  OT1/cmr/bx/it --> OT1/lmr/bx/it on input line 37.
LaTeX Font Info:    Overwriting math alphabet `\mathtt' in version `bold'
(Font)                  OT1/cmtt/m/n --> OT1/lmtt/m/n on input line 38.
)
(/usr/share/texlive/texmf-dist/tex/latex/base/fontenc.sty
Package: fontenc 2021/04/29 v2.0v Standard LaTeX package
LaTeX Font Info:    Trying to load font information for T1+lmr on input line 11
2.

(/usr/share/texmf/tex/latex/lm/t1lmr.fd
File: t1lmr.fd 2015/05/01 v1.6.1 Font defs for Latin Modern
))
(/usr/share/texlive/texmf-dist/tex/latex/base/inputenc.sty
Package: inputenc 2021/02/14 v1.3d Input encoding file
\inpenc@prehook=\toks26
\inpenc@posthook=\toks27
)
(/usr/share/texlive/texmf-dist/tex/latex/tools/indentfirst.sty
Package: indentfirst 2023/07/02 v1.03 Indent first paragraph (DPC)
)
(/usr/share/texlive/texmf-dist/tex/latex/graphics/color.sty
Package: color 2022/01/06 v1.3d Standard LaTeX Color (DPC)

(/usr/share/texlive/texmf-dist/tex/latex/graphics-cfg/color.cfg
File: color.cfg 2016/01/02 v1.6 sample color configuration
)
Package color Info: Driver file: pdftex.def on input line 149.

(/usr/share/texlive/texmf-dist/tex/latex/graphics-def/pdftex.def
File: pdftex.def 2022/09/22 v1.2b Graphics/color driver for pdftex
)
(/usr/share/texlive/texmf-dist/tex/latex/graphics/mathcolor.ltx))
(/usr/share/texlive/texmf-dist/tex/latex/graphics/graphicx.sty
Package: graphicx 2021/09/16 v1.2d Enhanced LaTeX Graphics (DPC,SPQR)

(/usr/share/texlive/texmf-dist/tex/latex/graphics/graphics.sty
Package: graphics 2022/03/10 v1.4e Standard LaTeX Graphics (DPC,SPQR)

(/usr/share/texlive/texmf-dist/tex/latex/graphics/trig.sty
Package: trig 2021/08/11 v1.11 sin cos tan (DPC)
)
(/usr/share/texlive/texmf-dist/tex/latex/graphics-cfg/graphics.cfg
File: graphics.cfg 2016/06/04 v1.11 sample graphics configuration
)
Package graphics Info: Driver file: pdftex.def on input line 107.
)
\Gin@req@height=\dimen193
\Gin@req@width=\dimen194
)
(/usr/share/texlive/texmf-dist/tex/latex/microtype/microtype.sty
Package: microtype 2023/03/13 v3.1a Micro-typographical refinements (RS)
\MT@toks=\toks28
\MT@tempbox=\box58
\MT@count=\count341
LaTeX Info: Redefining \noprotrusionifhmode on input line 1059.
LaTeX Info: Redefining \leftprotrusion on input line 1060.
\MT@prot@toks=\toks29
LaTeX Info: Redefining \rightprotrusion on input line 1078.
LaTeX Info: Redefining \textls on input line 1368.
\MT@outer@kern=\dimen195
LaTeX Info: Redefining \textmicrotypecontext on input line 1988.
\MT@listname@count=\count342

(/usr/share/texlive/texmf-dist/tex/latex/microtype/microtype-pdftex.def
File: microtype-pdftex.def 2023/03/13 v3.1a Definitions specific to pdftex (RS)

LaTeX Info: Redefining \lsstyle on input line 902.
LaTeX Info: Redefining \lslig on input line 902.
\MT@outer@space=\skip257
)
Package microtype Info: Loading configuration file microtype.cfg.

(/usr/share/texlive/texmf-dist/tex/latex/microtype/microtype.cfg
File: microtype.cfg 2023/03/13 v3.1a microtype main configuration file (RS)
))
(/usr/share/texlive/texmf-dist/tex/latex/lastpage/lastpage.sty
Package: lastpage 2023/10/14 v2.0e lastpage: 2.09 or 2e? (HMM)

(/usr/share/texlive/texmf-dist/tex/latex/lastpage/lastpage2e.sty
Package: lastpage2e 2023/10/14 v2.0e Decide which 2e lastpage version to use (H
MM)

(/usr/share/texlive/texmf-dist/tex/latex/lastpage/lastpagemodern.sty
Package: lastpagemodern 2023-10-14 v2.0e Refers to last page's name (HMM; JPG)
\c@lastpagecount=\count343
) 
)) (/usr/share/texlive/texmf-dist/tex/latex/base/fix-cm.sty
Package: fix-cm 2020/11/24 v1.1t fixes to LaTeX

(/usr/share/texlive/texmf-dist/tex/latex/base/ts1enc.def
File: ts1enc.def 2001/06/05 v3.0e (jk/car/fm) Standard LaTeX file
LaTeX Font Info:    Redeclaring font encoding TS1 on input line 47.
))
(/usr/share/texlive/texmf-dist/tex/latex/pdfpages/pdfpages.sty
Package: pdfpages 2024/01/21 v0.5y Insert pages of external PDF documents (AM)

(/usr/share/texlive/texmf-dist/tex/latex/eso-pic/eso-pic.sty
Package: eso-pic 2023/05/03 v3.0c eso-pic (RN)
\ESO@tempdima=\dimen196
\ESO@tempdimb=\dimen197
)
\AM@pagewidth=\dimen198
\AM@pageheight=\dimen199
\AM@fboxrule=\dimen256

(/usr/share/texlive/texmf-dist/tex/latex/pdfpages/pppdftex.def
File: pppdftex.def 2024/01/21 v0.5y Pdfpages driver for pdfTeX (AM)
)
\pdfpages@includegraphics@status=\count344
\AM@pagebox=\box59
\AM@global@opts=\toks30
\AM@pagecnt=\count345
\AM@toc@title=\toks31
\AM@lof@heading=\toks32
\c@AM@survey=\count346
\AM@templatesizebox=\box60
)
(/usr/share/texlive/texmf-dist/tex/latex/csquotes/csquotes.sty
Package: csquotes 2022-09-14 v5.2n context-sensitive quotations (JAW)
\csq@reset=\count347
\csq@gtype=\count348
\csq@glevel=\count349
\csq@qlevel=\count350
\csq@maxlvl=\count351
\csq@tshold=\count352
\csq@ltx@everypar=\toks33

(/usr/share/texlive/texmf-dist/tex/latex/csquotes/csquotes.def
File: csquotes.def 2022-09-14 v5.2n csquotes generic definitions (JAW)
)
Package csquotes Info: Trying to load configuration file 'csquotes.cfg'...
Package csquotes Info: ... configuration file loaded successfully.

(/usr/share/texlive/texmf-dist/tex/latex/csquotes/csquotes.cfg
File: csquotes.cfg 
))
(/usr/share/texlive/texmf-dist/tex/latex/glossaries/base/glossaries.sty
Package: glossaries 2023/09/29 v4.53 (NLCT)

(/usr/share/texlive/texmf-dist/tex/latex/xkeyval/xkeyval.sty
Package: xkeyval 2022/06/16 v2.9 package option processing (HA)

(/usr/share/texlive/texmf-dist/tex/generic/xkeyval/xkeyval.tex
(/usr/share/texlive/texmf-dist/tex/generic/xkeyval/xkvutils.tex
\XKV@toks=\toks34
\XKV@tempa@toks=\toks35
)
\XKV@depth=\count353
File: xkeyval.tex 2014/12/03 v2.7a key=value parser (HA)
))
(/usr/share/texlive/texmf-dist/tex/latex/mfirstuc/mfirstuc.sty
Package: mfirstuc 2022/10/14 v2.08 (NLCT)
\@glsmfirst=\toks36
\@glsmrest=\toks37
)
(/usr/share/texlive/texmf-dist/tex/latex/xfor/xfor.sty
Package: xfor 2009/02/05 v1.05 (NLCT)
)
(/usr/share/texlive/texmf-dist/tex/latex/datatool/datatool-base.sty
Package: datatool-base 2019/09/27 v2.32 (NLCT)

(/usr/share/texlive/texmf-dist/tex/latex/amsmath/amsmath.sty
Package: amsmath 2023/05/13 v2.17o AMS math features
\@mathmargin=\skip258

For additional information on amsmath, use the `?' option.
(/usr/share/texlive/texmf-dist/tex/latex/amsmath/amstext.sty
Package: amstext 2021/08/26 v2.01 AMS text

(/usr/share/texlive/texmf-dist/tex/latex/amsmath/amsgen.sty
File: amsgen.sty 1999/11/30 v2.0 generic functions
\@emptytoks=\toks38
\ex@=\dimen257
))
(/usr/share/texlive/texmf-dist/tex/latex/amsmath/amsbsy.sty
Package: amsbsy 1999/11/29 v1.2d Bold Symbols
\pmbraise@=\dimen258
)
(/usr/share/texlive/texmf-dist/tex/latex/amsmath/amsopn.sty
Package: amsopn 2022/04/08 v2.04 operator names
)
\inf@bad=\count354
LaTeX Info: Redefining \frac on input line 234.
\uproot@=\count355
\leftroot@=\count356
LaTeX Info: Redefining \overline on input line 399.
LaTeX Info: Redefining \colon on input line 410.
\classnum@=\count357
\DOTSCASE@=\count358
LaTeX Info: Redefining \ldots on input line 496.
LaTeX Info: Redefining \dots on input line 499.
LaTeX Info: Redefining \cdots on input line 620.
\Mathstrutbox@=\box61
\strutbox@=\box62
LaTeX Info: Redefining \big on input line 722.
LaTeX Info: Redefining \Big on input line 723.
LaTeX Info: Redefining \bigg on input line 724.
LaTeX Info: Redefining \Bigg on input line 725.
\big@size=\dimen259
LaTeX Font Info:    Redeclaring font encoding OML on input line 743.
LaTeX Font Info:    Redeclaring font encoding OMS on input line 744.
\macc@depth=\count359
LaTeX Info: Redefining \bmod on input line 905.
LaTeX Info: Redefining \pmod on input line 910.
LaTeX Info: Redefining \smash on input line 940.
LaTeX Info: Redefining \relbar on input line 970.
LaTeX Info: Redefining \Relbar on input line 971.
\c@MaxMatrixCols=\count360
\dotsspace@=\muskip17
\c@parentequation=\count361
\dspbrk@lvl=\count362
\tag@help=\toks39
\row@=\count363
\column@=\count364
\maxfields@=\count365
\andhelp@=\toks40
\eqnshift@=\dimen260
\alignsep@=\dimen261
\tagshift@=\dimen262
\tagwidth@=\dimen263
\totwidth@=\dimen264
\lineht@=\dimen265
\@envbody=\toks41
\multlinegap=\skip259
\multlinetaggap=\skip260
\mathdisplay@stack=\toks42
LaTeX Info: Redefining \[ on input line 2953.
LaTeX Info: Redefining \] on input line 2954.
)
(/usr/share/texlive/texmf-dist/tex/latex/substr/substr.sty
Package: substr 2009/10/20 v1.2 Handle substrings
\c@su@anzahl=\count366
)
(/usr/share/texlive/texmf-dist/tex/latex/datatool/datatool-fp.sty
Package: datatool-fp 2019/09/27 v2.32 (NLCT)

(/usr/share/texlive/texmf-dist/tex/latex/fp/fp.sty
Package: fp 1995/04/02

`Fixed Point Package', Version 0.8, April 2, 1995 (C) Michael Mehlich
(/usr/share/texlive/texmf-dist/tex/latex/fp/defpattern.sty
Package: defpattern 1994/10/12
\actioncount=\count367
)
(/usr/share/texlive/texmf-dist/tex/latex/fp/fp-basic.sty
Package: fp-basic 1996/05/13
\FP@xs=\count368
\FP@xia=\count369
\FP@xib=\count370
\FP@xfa=\count371
\FP@xfb=\count372
\FP@rega=\count373
\FP@regb=\count374
\FP@regs=\count375
\FP@times=\count376
)
(/usr/share/texlive/texmf-dist/tex/latex/fp/fp-addons.sty
Package: fp-addons 1995/03/15
)
(/usr/share/texlive/texmf-dist/tex/latex/fp/fp-snap.sty
Package: fp-snap 1995/04/05
)
(/usr/share/texlive/texmf-dist/tex/latex/fp/fp-exp.sty
Package: fp-exp 1995/04/03
)
(/usr/share/texlive/texmf-dist/tex/latex/fp/fp-trigo.sty
Package: fp-trigo 1995/04/14
)
(/usr/share/texlive/texmf-dist/tex/latex/fp/fp-pas.sty
Package: fp-pas 1994/08/29
)
(/usr/share/texlive/texmf-dist/tex/latex/fp/fp-random.sty
Package: fp-random 1995/02/23
\FPseed=\count377
)
(/usr/share/texlive/texmf-dist/tex/latex/fp/fp-eqn.sty
Package: fp-eqn 1995/04/03
)
(/usr/share/texlive/texmf-dist/tex/latex/fp/fp-upn.sty
Package: fp-upn 1996/10/21
)
(/usr/share/texlive/texmf-dist/tex/latex/fp/fp-eval.sty
Package: fp-eval 1995/04/03
)))
\@dtl@toks=\toks43
\@dtl@tmpcount=\count378
\dtl@tmplength=\skip261
\dtl@sortresult=\count379
\@dtl@numgrpsepcount=\count380
\@dtl@datatype=\count381
\dtl@codeA=\count382
\dtl@codeB=\count383
\@dtl@foreach@level=\count384
)
(/usr/share/texlive/texmf-dist/tex/latex/tracklang/tracklang.sty
Package: tracklang 2022/12/13 v1.6.1 (NLCT) Track Languages

(/usr/share/texlive/texmf-dist/tex/generic/tracklang/tracklang.tex))
(/usr/share/texlive/texmf-dist/tex/latex/glossaries-portuges/glossaries-pt-BR.l
df
File: glossaries-pt-BR.ldf 2014/11/23 v1.0

(/usr/share/texlive/texmf-dist/tex/latex/glossaries-portuges/glossaries-portuge
s-utf8.ldf))
\gls@level=\count385
\@gls@tmpb=\toks44
\gls@tmplen=\skip262


Package glossaries Warning: Overriding \printglossary on input line 6158.

\c@glossarysubentry=\count386

Package glossaries Warning: Overriding `theglossary' environment on input line 
6752.

\glskeylisttok=\toks45
\glslabeltok=\toks46
\glsshorttok=\toks47
\glslongtok=\toks48

(/usr/share/texlive/texmf-dist/tex/latex/glossaries/styles/glossary-hypernav.st
y
Package: glossary-hypernav 2023/09/29 v4.53 (NLCT)
) (/usr/share/texlive/texmf-dist/tex/latex/glossaries/styles/glossary-list.sty
Package: glossary-list 2023/09/29 v4.53 (NLCT)
\glslistdottedwidth=\skip263
) (/usr/share/texlive/texmf-dist/tex/latex/glossaries/styles/glossary-long.sty
Package: glossary-long 2023/09/29 v4.53 (NLCT)

(/usr/share/texlive/texmf-dist/tex/latex/tools/longtable.sty
Package: longtable 2023-11-01 v4.19 Multi-page Table package (DPC)
\LTleft=\skip264
\LTright=\skip265
\LTpre=\skip266
\LTpost=\skip267
\LTchunksize=\count387
\LTcapwidth=\dimen266
\LT@head=\box63
\LT@firsthead=\box64
\LT@foot=\box65
\LT@lastfoot=\box66
\LT@gbox=\box67
\LT@cols=\count388
\LT@rows=\count389
\c@LT@tables=\count390
\c@LT@chunks=\count391
\LT@p@ftn=\toks49
)
\glsdescwidth=\skip268
\glspagelistwidth=\skip269
)
(/usr/share/texlive/texmf-dist/tex/latex/glossaries/styles/glossary-super.sty
Package: glossary-super 2023/09/29 v4.53 (NLCT)

(/usr/share/texlive/texmf-dist/tex/latex/supertabular/supertabular.sty
Package: supertabular 2020/02/02 v4.1g the supertabular environment
\c@tracingst=\count392
\ST@wd=\dimen267
\ST@rightskip=\skip270
\ST@leftskip=\skip271
\ST@parfillskip=\skip272
\ST@pageleft=\dimen268
\ST@headht=\dimen269
\ST@tailht=\dimen270
\ST@pagesofar=\dimen271
\ST@pboxht=\dimen272
\ST@lineht=\dimen273
\ST@prevht=\dimen274
\ST@toadd=\dimen275
\ST@dimen=\dimen276
\ST@pbox=\box68
))
(/usr/share/texlive/texmf-dist/tex/latex/glossaries/styles/glossary-tree.sty
Package: glossary-tree 2023/09/29 v4.53 (NLCT)
\glstreeindent=\skip273
))
\c@quadro=\count393
\c@loqdepth=\count394
\cftbeforequadroskip=\skip274
\cftquadroindent=\skip275
\cftquadronumwidth=\skip276
) (/usr/share/texlive/texmf-dist/tex/latex/biblatex/biblatex.sty
Package: biblatex 2023/03/05 v3.19 programmable bibliographies (PK/MW)

(/usr/share/texlive/texmf-dist/tex/latex/logreq/logreq.sty
Package: logreq 2010/08/04 v1.0 xml request logger
\lrq@indent=\count395

(/usr/share/texlive/texmf-dist/tex/latex/logreq/logreq.def
File: logreq.def 2010/08/04 v1.0 logreq spec v1.0
))
\c@tabx@nest=\count396
\c@listtotal=\count397
\c@listcount=\count398
\c@liststart=\count399
\c@liststop=\count400
\c@citecount=\count401
\c@citetotal=\count402
\c@multicitecount=\count403
\c@multicitetotal=\count404
\c@instcount=\count405
\c@maxnames=\count406
\c@minnames=\count407
\c@maxitems=\count408
\c@minitems=\count409
\c@citecounter=\count410
\c@maxcitecounter=\count411
\c@savedcitecounter=\count412
\c@uniquelist=\count413
\c@uniquename=\count414
\c@refsection=\count415
\c@refsegment=\count416
\c@maxextratitle=\count417
\c@maxextratitleyear=\count418
\c@maxextraname=\count419
\c@maxextradate=\count420
\c@maxextraalpha=\count421
\c@abbrvpenalty=\count422
\c@highnamepenalty=\count423
\c@lownamepenalty=\count424
\c@maxparens=\count425
\c@parenlevel=\count426
\blx@tempcnta=\count427
\blx@tempcntb=\count428
\blx@tempcntc=\count429
\c@blx@maxsection=\count430
\blx@maxsegment@0=\count431
\blx@notetype=\count432
\blx@parenlevel@text=\count433
\blx@parenlevel@foot=\count434
\blx@sectionciteorder@0=\count435
\blx@sectionciteorderinternal@0=\count436
\blx@entrysetcounter=\count437
\blx@biblioinstance=\count438
\labelnumberwidth=\skip277
\labelalphawidth=\skip278
\biblabelsep=\skip279
\bibnamesep=\skip280
\bibinitsep=\skip281
\bibparsep=\skip282
\bibhang=\skip283
\blx@bcfin=\read4
\blx@bcfout=\write4
\blx@langwohyphens=\language11
\c@mincomprange=\count439
\c@maxcomprange=\count440
\c@mincompwidth=\count441
Package biblatex Info: Trying to load biblatex default data model...
Package biblatex Info: ... file 'blx-dm.def' found.

(/usr/share/texlive/texmf-dist/tex/latex/biblatex/blx-dm.def
File: blx-dm.def 2023/03/05 v3.19 biblatex localization (PK/MW)
)
Package biblatex Info: Trying to load biblatex style data model...
Package biblatex Info: ... file 'abnt.dbx' not found.
Package biblatex Info: Trying to load biblatex custom data model...
Package biblatex Info: ... file 'biblatex-dm.cfg' not found.
\c@afterword=\count442
\c@savedafterword=\count443
\c@annotator=\count444
\c@savedannotator=\count445
\c@author=\count446
\c@savedauthor=\count447
\c@bookauthor=\count448
\c@savedbookauthor=\count449
\c@commentator=\count450
\c@savedcommentator=\count451
\c@editor=\count452
\c@savededitor=\count453
\c@editora=\count454
\c@savededitora=\count455
\c@editorb=\count456
\c@savededitorb=\count457
\c@editorc=\count458
\c@savededitorc=\count459
\c@foreword=\count460
\c@savedforeword=\count461
\c@holder=\count462
\c@savedholder=\count463
\c@introduction=\count464
\c@savedintroduction=\count465
\c@namea=\count466
\c@savednamea=\count467
\c@nameb=\count468
\c@savednameb=\count469
\c@namec=\count470
\c@savednamec=\count471
\c@translator=\count472
\c@savedtranslator=\count473
\c@shortauthor=\count474
\c@savedshortauthor=\count475
\c@shorteditor=\count476
\c@savedshorteditor=\count477
\c@labelname=\count478
\c@savedlabelname=\count479
\c@institution=\count480
\c@savedinstitution=\count481
\c@lista=\count482
\c@savedlista=\count483
\c@listb=\count484
\c@savedlistb=\count485
\c@listc=\count486
\c@savedlistc=\count487
\c@listd=\count488
\c@savedlistd=\count489
\c@liste=\count490
\c@savedliste=\count491
\c@listf=\count492
\c@savedlistf=\count493
\c@location=\count494
\c@savedlocation=\count495
\c@organization=\count496
\c@savedorganization=\count497
\c@origlocation=\count498
\c@savedoriglocation=\count499
\c@origpublisher=\count500
\c@savedorigpublisher=\count501
\c@publisher=\count502
\c@savedpublisher=\count503
\c@language=\count504
\c@savedlanguage=\count505
\c@origlanguage=\count506
\c@savedoriglanguage=\count507
\c@pageref=\count508
\c@savedpageref=\count509
\shorthandwidth=\skip284
\shortjournalwidth=\skip285
\shortserieswidth=\skip286
\shorttitlewidth=\skip287
\shortauthorwidth=\skip288
\shorteditorwidth=\skip289
\locallabelnumberwidth=\skip290
\locallabelalphawidth=\skip291
\localshorthandwidth=\skip292
\localshortjournalwidth=\skip293
\localshortserieswidth=\skip294
\localshorttitlewidth=\skip295
\localshortauthorwidth=\skip296
\localshorteditorwidth=\skip297
Package biblatex Info: Trying to load compatibility code...
Package biblatex Info: ... file 'blx-compat.def' found.

(/usr/share/texlive/texmf-dist/tex/latex/biblatex/blx-compat.def
File: blx-compat.def 2023/03/05 v3.19 biblatex compatibility (PK/MW)
)
Package biblatex Info: Trying to load generic definitions...
Package biblatex Info: ... file 'biblatex.def' found.

(/usr/share/texlive/texmf-dist/tex/latex/biblatex/biblatex.def
File: biblatex.def 2023/03/05 v3.19 biblatex compatibility (PK/MW)
\c@textcitecount=\count510
\c@textcitetotal=\count511
\c@textcitemaxnames=\count512
\c@biburlbigbreakpenalty=\count513
\c@biburlbreakpenalty=\count514
\c@biburlnumpenalty=\count515
\c@biburlucpenalty=\count516
\c@biburllcpenalty=\count517
\biburlbigskip=\muskip18
\biburlnumskip=\muskip19
\biburlucskip=\muskip20
\biburllcskip=\muskip21
\c@smartand=\count518
)
Package biblatex Info: Trying to load natbib compatibility...
Package biblatex Info: ... file 'blx-natbib.def' found.

(/usr/share/texlive/texmf-dist/tex/latex/biblatex/blx-natbib.def
File: blx-natbib.def 2023/03/05 v3.19 biblatex compatibility (PK/MW)
Package biblatex Info: Delimiter 'nameyeardelim' in context '' already defined,
 overwriting.
)
Package biblatex Info: Trying to load bibliography style 'abnt'...
Package biblatex Info: ... file 'abnt.bbx' found.

(/usr/share/texlive/texmf-dist/tex/latex/biblatex-abnt/abnt.bbx
File: abnt.bbx 2018-11-17 v3.4 ABNT BibLaTeX citation style
Package biblatex Info: Trying to load bibliography style 'standard'...
Package biblatex Info: ... file 'standard.bbx' found.

(/usr/share/texlive/texmf-dist/tex/latex/biblatex/bbx/standard.bbx
File: standard.bbx 2023/03/05 v3.19 biblatex bibliography style (PK/MW)
\c@bbx:relatedcount=\count519
\c@bbx:relatedtotal=\count520
))
Package biblatex Info: Trying to load citation style 'abnt'...
Package biblatex Info: ... file 'abnt.cbx' found.

(/usr/share/texlive/texmf-dist/tex/latex/biblatex-abnt/abnt.cbx
File: abnt.cbx 2018-11-17 v3.4 ABNT BibLaTeX citation style
Package biblatex Info: Trying to load citation style 'authoryear-comp'...
Package biblatex Info: ... file 'authoryear-comp.cbx' found.

(/usr/share/texlive/texmf-dist/tex/latex/biblatex/cbx/authoryear-comp.cbx
File: authoryear-comp.cbx 2023/03/05 v3.19 biblatex citation style (PK/MW)
Package biblatex Info: Redefining '\cite'.
Package biblatex Info: Redefining '\parencite'.
Package biblatex Info: Redefining '\footcite'.
Package biblatex Info: Redefining '\footcitetext'.
Package biblatex Info: Redefining '\smartcite'.
Package biblatex Info: Redefining '\textcite'.
Package biblatex Info: Redefining '\textcites'.
Package biblatex Info: Redefining '\cites'.
Package biblatex Info: Redefining '\parencites'.
Package biblatex Info: Redefining '\footcites'.
Package biblatex Info: Redefining '\footcitetexts'.
Package biblatex Info: Redefining '\smartcites'.
)
Package biblatex Info: Redefining '\cite'.
Package biblatex Info: Redefining '\cites'.
Package biblatex Info: Redefining '\footcite'.
Package biblatex Info: Redefining '\footcites'.
Package biblatex Info: Redefining '\citetitle'.
Package biblatex Info: Redefining '\smartcite'.
Package biblatex Info: Redefining '\citeauthor'.
Package biblatex Info: Redefining '\citeyear'.
)
Package biblatex Info: Trying to load configuration file...
Package biblatex Info: ... file 'biblatex.cfg' found.

(/usr/share/texlive/texmf-dist/tex/latex/biblatex/biblatex.cfg
File: biblatex.cfg 
)
Package biblatex Info: Input encoding 'utf8' detected.
Package biblatex Info: Document encoding is UTF8 ....
Package biblatex Info: ... and expl3
(biblatex)             2024-01-22 L3 programming layer (loader) 
(biblatex)             is new enough (at least 2020/04/06),
(biblatex)             setting 'casechanger=expl3'.

(/usr/share/texlive/texmf-dist/tex/latex/biblatex/blx-case-expl3.sty
Package: blx-case-expl3 2023/03/05 v3.19 expl3 case changing code for biblatex
))
Package color Info: Redefining color blue on input line 107.
Package hyperref Info: Option `colorlinks' set `true' on input line 121.
\main@idxfile=\write5
\openout5 = `main.idx'.


Writing index file main.idx 
(/usr/share/texlive/texmf-dist/tex/latex/caption/subcaption.sty
Package: subcaption 2023/07/28 v1.6b Sub-captions (AR)

(/usr/share/texlive/texmf-dist/tex/latex/caption/caption.sty
Package: caption 2023/08/05 v3.6o Customizing captions (AR)

(/usr/share/texlive/texmf-dist/tex/latex/caption/caption3.sty
Package: caption3 2023/07/31 v2.4d caption3 kernel (AR)
\caption@tempdima=\dimen277
\captionmargin=\dimen278
\caption@leftmargin=\dimen279
\caption@rightmargin=\dimen280
\caption@width=\dimen281
\caption@indent=\dimen282
\caption@parindent=\dimen283
\caption@hangindent=\dimen284
Package caption Info: memoir document class detected.

(/usr/share/texlive/texmf-dist/tex/latex/caption/caption-memoir.sto
File: caption-memoir.sto 2023/09/08 v2.2c Adaption of the caption package to th
e memoir document class (AR)
))
\c@caption@flags=\count521
\c@continuedfloat=\count522
Package caption Info: changepage package is loaded.
\caption@adjustwidth@hsize=\dimen285
\caption@adjustwidth@linewidth=\dimen286
Package caption Info: hyperref package is loaded.
Package caption Info: longtable package is loaded.

(/usr/share/texlive/texmf-dist/tex/latex/caption/ltcaption.sty
Package: ltcaption 2021/01/08 v1.4c longtable captions (AR)
)
Package caption Info: supertabular package is loaded.
)
Package caption Info: New subtype `subfigure' on input line 238.
\c@subfigure=\count523
Package caption Info: New subtype `subtable' on input line 238.
\c@subtable=\count524
)
(/usr/share/texlive/texmf-dist/tex/latex/multirow/multirow.sty
Package: multirow 2021/03/15 v2.8 Span multiple rows of a table
\multirow@colwidth=\skip298
\multirow@cntb=\count525
\multirow@dima=\skip299
\bigstrutjot=\dimen287
)
(/usr/share/texlive/texmf-dist/tex/latex/siunitx/siunitx.sty
Package: siunitx 2024-01-25 v3.3.10 A comprehensive (SI) units package
\l__siunitx_number_uncert_offset_int=\count526
\l__siunitx_number_exponent_fixed_int=\count527
\l__siunitx_number_min_decimal_int=\count528
\l__siunitx_number_min_integer_int=\count529
\l__siunitx_number_round_precision_int=\count530
\l__siunitx_number_lower_threshold_int=\count531
\l__siunitx_number_upper_threshold_int=\count532
\l__siunitx_number_group_first_int=\count533
\l__siunitx_number_group_size_int=\count534
\l__siunitx_number_group_minimum_int=\count535
\l__siunitx_angle_tmp_dim=\dimen288
\l__siunitx_angle_marker_box=\box69
\l__siunitx_angle_unit_box=\box70
\l__siunitx_compound_count_int=\count536

(/usr/share/texlive/texmf-dist/tex/latex/translations/translations.sty
Package: translations 2022/02/05 v1.12 internationalization of LaTeX2e packages
 (CN)
)
\l__siunitx_table_tmp_box=\box71
\l__siunitx_table_tmp_dim=\dimen289
\l__siunitx_table_column_width_dim=\dimen290
\l__siunitx_table_integer_box=\box72
\l__siunitx_table_decimal_box=\box73
\l__siunitx_table_uncert_box=\box74
\l__siunitx_table_before_box=\box75
\l__siunitx_table_after_box=\box76
\l__siunitx_table_before_dim=\dimen291
\l__siunitx_table_carry_dim=\dimen292
\l__siunitx_unit_tmp_int=\count537
\l__siunitx_unit_position_int=\count538
\l__siunitx_unit_total_int=\count539
)
Package csquotes Info: Checking for multilingual support...
Package csquotes Info: ... found 'babel' package.
Package csquotes Info: Adjusting default style.
Package csquotes Info: Redefining alias 'default' -> 'brazil'.

(./main.aux (./chapters/1-chapter.aux) (./chapters/2-chapter.aux)
(./chapters/3-chapter.aux) (./chapters/4-chapter.aux))
\openout1 = `main.aux'.

LaTeX Font Info:    Checking defaults for OML/cmm/m/it on input line 142.
LaTeX Font Info:    ... okay on input line 142.
LaTeX Font Info:    Checking defaults for OMS/cmsy/m/n on input line 142.
LaTeX Font Info:    ... okay on input line 142.
LaTeX Font Info:    Checking defaults for OT1/cmr/m/n on input line 142.
LaTeX Font Info:    ... okay on input line 142.
LaTeX Font Info:    Checking defaults for T1/cmr/m/n on input line 142.
LaTeX Font Info:    ... okay on input line 142.
LaTeX Font Info:    Checking defaults for TS1/cmr/m/n on input line 142.
LaTeX Font Info:    ... okay on input line 142.
LaTeX Font Info:    Checking defaults for OMX/cmex/m/n on input line 142.
LaTeX Font Info:    ... okay on input line 142.
LaTeX Font Info:    Checking defaults for U/cmr/m/n on input line 142.
LaTeX Font Info:    ... okay on input line 142.
LaTeX Font Info:    Checking defaults for PD1/pdf/m/n on input line 142.
LaTeX Font Info:    ... okay on input line 142.
LaTeX Font Info:    Checking defaults for PU/pdf/m/n on input line 142.
LaTeX Font Info:    ... okay on input line 142.
Package hyperref Info: Link coloring ON on input line 142.
\myptabbox=\box77
\myptabboxwidth=\skip300

(/usr/share/texlive/texmf-dist/tex/context/base/mkii/supp-pdf.mkii
[Loading MPS to PDF converter (version 2006.09.02).]
\scratchcounter=\count540
\scratchdimen=\dimen293
\scratchbox=\box78
\nofMPsegments=\count541
\nofMParguments=\count542
\everyMPshowfont=\toks50
\MPscratchCnt=\count543
\MPscratchDim=\dimen294
\MPnumerator=\count544
\makeMPintoPDFobject=\count545
\everyMPtoPDFconversion=\toks51
) (/usr/share/texlive/texmf-dist/tex/latex/epstopdf-pkg/epstopdf-base.sty
Package: epstopdf-base 2020-01-24 v2.11 Base part for package epstopdf
Package epstopdf-base Info: Redefining graphics rule for `.eps' on input line 4
85.

(/usr/share/texlive/texmf-dist/tex/latex/latexconfig/epstopdf-sys.cfg
File: epstopdf-sys.cfg 2010/07/13 v1.3 Configuration of (r)epstopdf for TeX Liv
e
))
LaTeX Info: Redefining \microtypecontext on input line 142.
Package microtype Info: Applying patch `item' on input line 142.
Package microtype Info: Applying patch `toc' on input line 142.
Package microtype Info: Applying patch `eqnum' on input line 142.
Package microtype Info: Applying patch `footnote' on input line 142.
Package microtype Info: Applying patch `verbatim' on input line 142.
Package microtype Info: Generating PDF output.
Package microtype Info: Character protrusion enabled (level 2),
(microtype)             factor: 1100.
Package microtype Info: Using default protrusion set `alltext'.
Package microtype Info: Automatic font expansion enabled (level 2),
(microtype)             stretch: 10, shrink: 10, step: 1, non-selected.
Package microtype Info: Using default expansion set `alltext-nott'.
LaTeX Info: Redefining \showhyphens on input line 142.
Package microtype Info: No adjustment of tracking.
Package microtype Info: No adjustment of interword spacing.
Package microtype Info: No adjustment of character kerning.

(/usr/share/texlive/texmf-dist/tex/latex/microtype/mt-cmr.cfg
File: mt-cmr.cfg 2013/05/19 v2.2 microtype config. file: Computer Modern Roman 
(RS)
)
(/usr/share/texlive/texmf-dist/tex/latex/pdflscape/pdflscape.sty
Package: pdflscape 2022-10-27 v0.13 Display of landscape pages in PDF

(/usr/share/texlive/texmf-dist/tex/latex/pdflscape/pdflscape-nometadata.sty
Package: pdflscape-nometadata 2022-10-28 v0.13 Display of landscape pages in PD
F (HO)

(/usr/share/texlive/texmf-dist/tex/latex/graphics/lscape.sty
Package: lscape 2020/05/28 v3.02 Landscape Pages (DPC)
)
Package pdflscape Info: Auto-detected driver: pdftex on input line 81.
))
Package biblatex Info: Trying to load language 'brazil' -> 'brazil-abnt'...
Package biblatex Info: ... file 'brazil-abnt.lbx' found.

(/usr/share/texlive/texmf-dist/tex/latex/biblatex-abnt/brazil-abnt.lbx
File: brazil-abnt.lbx 2018-11-17 v3.4 ABNT BibLaTeX citation style


Package biblatex Warning: File 'brazilian-abnt-abnt.lbx' not found!
(biblatex)                Ignoring mapping 'brazilian-abnt' -> 'brazilian-abnt-
abnt'.

Package biblatex Info: Trying to load language 'brazilian-abnt'...
Package biblatex Info: ... file 'brazilian-abnt.lbx' found.
(/usr/share/texlive/texmf-dist/tex/latex/biblatex-abnt/brazilian-abnt.lbx
File: brazilian-abnt.lbx 2018-11-17 v3.4 ABNT BibLaTeX citation style
Package biblatex Info: Trying to load language 'brazilian' -> 'brazilian-abnt'.
..
Package biblatex Info: ... file 'brazilian-abnt.lbx' found.

(/usr/share/texlive/texmf-dist/tex/latex/biblatex-abnt/brazilian-abnt.lbx
File: brazilian-abnt.lbx 2018-11-17 v3.4 ABNT BibLaTeX citation style
Package biblatex Info: Trying to load language 'brazilian'...
Package biblatex Info: ... file 'brazilian.lbx' found.

(/usr/share/texlive/texmf-dist/tex/latex/biblatex/lbx/brazilian.lbx
File: brazilian.lbx 2023/03/05 v3.19 biblatex localization (PK/MW)
)))
Package biblatex Info: Trying to load language 'brazilian-abnt'...
Package biblatex Info: ... file 'brazilian-abnt.lbx' found.

(/usr/share/texlive/texmf-dist/tex/latex/biblatex-abnt/brazilian-abnt.lbx
File: brazilian-abnt.lbx 2018-11-17 v3.4 ABNT BibLaTeX citation style
Package biblatex Info: Trying to load language 'brazilian' -> 'brazilian-abnt'.
..
Package biblatex Info: ... file 'brazilian-abnt.lbx' found.

(/usr/share/texlive/texmf-dist/tex/latex/biblatex-abnt/brazilian-abnt.lbx
File: brazilian-abnt.lbx 2018-11-17 v3.4 ABNT BibLaTeX citation style
Package biblatex Info: Trying to load language 'brazilian'...
Package biblatex Info: ... file 'brazilian.lbx' found.

(/usr/share/texlive/texmf-dist/tex/latex/biblatex/lbx/brazilian.lbx
File: brazilian.lbx 2023/03/05 v3.19 biblatex localization (PK/MW)
)
Package biblatex Info: Trying to load language 'brazil'...
Package biblatex Info: ... file 'brazil.lbx' found.

(/usr/share/texlive/texmf-dist/tex/latex/biblatex/lbx/brazil.lbx
File: brazil.lbx 2023/03/05 v3.19 biblatex localization (PK/MW)
Package biblatex Info: Trying to load language 'brazilian'...
Package biblatex Info: ... file 'brazilian.lbx' found.

(/usr/share/texlive/texmf-dist/tex/latex/biblatex/lbx/brazilian.lbx
File: brazilian.lbx 2023/03/05 v3.19 biblatex localization (PK/MW)
)))
Package biblatex Info: Trying to load language 'brazil'...
Package biblatex Info: ... file 'brazil.lbx' found.

(/usr/share/texlive/texmf-dist/tex/latex/biblatex/lbx/brazil.lbx
File: brazil.lbx 2023/03/05 v3.19 biblatex localization (PK/MW)
Package biblatex Info: Trying to load language 'brazilian' -> 'brazilian-abnt'.
..
Package biblatex Info: ... file 'brazilian-abnt.lbx' found.

(/usr/share/texlive/texmf-dist/tex/latex/biblatex-abnt/brazilian-abnt.lbx
File: brazilian-abnt.lbx 2018-11-17 v3.4 ABNT BibLaTeX citation style
Package biblatex Info: Trying to load language 'brazilian'...
Package biblatex Info: ... file 'brazilian.lbx' found.

(/usr/share/texlive/texmf-dist/tex/latex/biblatex/lbx/brazilian.lbx
File: brazilian.lbx 2023/03/05 v3.19 biblatex localization (PK/MW)
)
Package biblatex Info: Trying to load language 'brazil'...
Package biblatex Info: ... file 'brazil.lbx' found.

(/usr/share/texlive/texmf-dist/tex/latex/biblatex/lbx/brazil.lbx
File: brazil.lbx 2023/03/05 v3.19 biblatex localization (PK/MW)
Package biblatex Info: Trying to load language 'brazilian'...
Package biblatex Info: ... file 'brazilian.lbx' found.

(/usr/share/texlive/texmf-dist/tex/latex/biblatex/lbx/brazilian.lbx
File: brazilian.lbx 2023/03/05 v3.19 biblatex localization (PK/MW)
))))))
Package biblatex Info: Trying to load language 'english' -> 'english-abnt'...
Package biblatex Info: ... file 'english-abnt.lbx' found.

(/usr/share/texlive/texmf-dist/tex/latex/biblatex-abnt/english-abnt.lbx
File: english-abnt.lbx 2018-11-17 v3.4 ABNT BibLaTeX citation style
Package biblatex Info: Trying to load language 'english'...
Package biblatex Info: ... file 'english.lbx' found.

(/usr/share/texlive/texmf-dist/tex/latex/biblatex/lbx/english.lbx
File: english.lbx 2023/03/05 v3.19 biblatex localization (PK/MW)
)
Package biblatex Info: Trying to load language 'english'...
Package biblatex Info: ... file 'english.lbx' found.

(/usr/share/texlive/texmf-dist/tex/latex/biblatex/lbx/english.lbx
File: english.lbx 2023/03/05 v3.19 biblatex localization (PK/MW)
)
Package biblatex Info: Trying to load language 'english'...
Package biblatex Info: ... file 'english.lbx' found.

(/usr/share/texlive/texmf-dist/tex/latex/biblatex/lbx/english.lbx
File: english.lbx 2023/03/05 v3.19 biblatex localization (PK/MW)
))
Package biblatex Info: Input encoding 'utf8' detected.
Package biblatex Info: Automatic encoding selection.
(biblatex)             Assuming data encoding 'utf8'.
\openout4 = `main.bcf'.

Package biblatex Info: Trying to load bibliographic data...
Package biblatex Info: ... file 'main.bbl' found.
 (./main.bbl

Package biblatex Warning: Biber reported the following issues
(biblatex)                with 'INPE2016mtc':
(biblatex)                - report entry 'INPE2016mtc' (aftertext/references.bi
b): Invalid format '19 set. 2026' of date field 'urldate' - ignoring.

)
Package biblatex Info: Reference section=0 on input line 142.
Package biblatex Info: Reference segment=0 on input line 142.
Package caption Info: Begin \AtBeginDocument code.
Package caption Info: End \AtBeginDocument code.

(/usr/share/texlive/texmf-dist/tex/latex/translations/translations-basic-dictio
nary-brazil.trsl
File: translations-basic-dictionary-brazil.trsl (brazil translation file `trans
lations-basic-dictionary')
)
Package translations Info: loading dictionary `translations-basic-dictionary' f
or `brazil'. on input line 142.
 (./beforetext/beforetext.tex
<setup/vertical_sigla_fundo_claro.pdf, id=4, 327.2225pt x 449.68pt>
File: setup/vertical_sigla_fundo_claro.pdf Graphic file (type pdf)
<use setup/vertical_sigla_fundo_claro.pdf>
Package pdftex.def Info: setup/vertical_sigla_fundo_claro.pdf  used on input li
ne 4.
(pdftex.def)             Requested size: 52.35297pt x 71.9434pt.
 [1

{/var/lib/texmf/fonts/map/pdftex/updmap/pdftex.map}{/usr/share/texmf/fonts/enc/
dvips/lm/lm-ec.enc} <./setup/vertical_sigla_fundo_claro.pdf>]
pdfTeX warning (ext4): destination with the same identifier (name{page.1}) has 
been already used, duplicate ignored
<to be read again> 
                   \relax 
l.13 
      [1



]
<beforetext/Ficha_Catalografica.pdf, id=21, 597.55246pt x 845.19763pt>
File: beforetext/Ficha_Catalografica.pdf Graphic file (type pdf)
<use beforetext/Ficha_Catalografica.pdf>
Package pdftex.def Info: beforetext/Ficha_Catalografica.pdf  used on input line
 19.
(pdftex.def)             Requested size: 597.551pt x 845.19557pt.
File: beforetext/Ficha_Catalografica.pdf Graphic file (type pdf)
<use beforetext/Ficha_Catalografica.pdf>
Package pdftex.def Info: beforetext/Ficha_Catalografica.pdf  used on input line
 19.
(pdftex.def)             Requested size: 597.551pt x 845.19557pt.
<beforetext/Ficha_Catalografica.pdf, id=24, page=1, 597.55246pt x 845.19763pt>
File: beforetext/Ficha_Catalografica.pdf Graphic file (type pdf)
<use beforetext/Ficha_Catalografica.pdf, page 1>
Package pdftex.def Info: beforetext/Ficha_Catalografica.pdf , page1 used on inp
ut line 19.
(pdftex.def)             Requested size: 597.551pt x 845.19557pt.
File: beforetext/Ficha_Catalografica.pdf Graphic file (type pdf)
<use beforetext/Ficha_Catalografica.pdf, page 1>
Package pdftex.def Info: beforetext/Ficha_Catalografica.pdf , page1 used on inp
ut line 19.
(pdftex.def)             Requested size: 597.57834pt x 845.23425pt.
File: beforetext/Ficha_Catalografica.pdf Graphic file (type pdf)
<use beforetext/Ficha_Catalografica.pdf, page 1>
Package pdftex.def Info: beforetext/Ficha_Catalografica.pdf , page1 used on inp
ut line 19.
(pdftex.def)             Requested size: 597.57834pt x 845.23425pt.
File: beforetext/Ficha_Catalografica.pdf Graphic file (type pdf)
<use beforetext/Ficha_Catalografica.pdf, page 1>
Package pdftex.def Info: beforetext/Ficha_Catalografica.pdf , page1 used on inp
ut line 19.
(pdftex.def)             Requested size: 597.57834pt x 845.23425pt.
File: beforetext/Ficha_Catalografica.pdf Graphic file (type pdf)
<use beforetext/Ficha_Catalografica.pdf, page 1>
Package pdftex.def Info: beforetext/Ficha_Catalografica.pdf , page1 used on inp
ut line 19.
(pdftex.def)             Requested size: 597.57834pt x 845.23425pt.
 [2

 <./beforetext/Ficha_Catalografica.pdf>] [3

] [4

]
LaTeX Font Info:    Trying to load font information for T1+lmss on input line 7
8.

(/usr/share/texmf/tex/latex/lm/t1lmss.fd
File: t1lmss.fd 2015/05/01 v1.6.1 Font defs for Latin Modern
)
Package microtype Info: Loading generic protrusion settings for font family
(microtype)             `lmss' (encoding: T1).
(microtype)             For optimal results, create family-specific settings.
(microtype)             See the microtype manual for details.

Overfull \hbox (13.63971pt too wide) in paragraph at lines 80--81
[]\T1/lmr/m/n/12 (-10) Xxxxxxxxxxxxxxxxxxxxxxxxxxxxxxxxxxxxxxxxxxxxxxxxxxxxxxxx
xxxxxxxxxxxxxx.
 []


Underfull \hbox (badness 10000) in paragraph at lines 80--81

 []

[5


] [6

] [7

]
(/usr/share/texlive/texmf-dist/tex/generic/babel/locale/en/babel-english.tex
Package babel Info: Importing basic data for english
(babel)             from babel-en.ini. Reported on input line 11.
)
[8

] (./main.toc
LaTeX Font Info:    Trying to load font information for OT1+lmr on input line 7
.
 (/usr/share/texmf/tex/latex/lm/ot1lmr.fd
File: ot1lmr.fd 2015/05/01 v1.6.1 Font defs for Latin Modern
)
LaTeX Font Info:    Trying to load font information for OML+lmm on input line 7
.

(/usr/share/texmf/tex/latex/lm/omllmm.fd
File: omllmm.fd 2015/05/01 v1.6.1 Font defs for Latin Modern
)
LaTeX Font Info:    Trying to load font information for OMS+lmsy on input line 
7.

(/usr/share/texmf/tex/latex/lm/omslmsy.fd
File: omslmsy.fd 2015/05/01 v1.6.1 Font defs for Latin Modern
)
LaTeX Font Info:    Trying to load font information for OMX+lmex on input line 
7.

(/usr/share/texmf/tex/latex/lm/omxlmex.fd
File: omxlmex.fd 2015/05/01 v1.6.1 Font defs for Latin Modern
)
LaTeX Font Info:    External font `lmex10' loaded for size
(Font)              <12> on input line 7.
LaTeX Font Info:    External font `lmex10' loaded for size
(Font)              <8> on input line 7.
LaTeX Font Info:    External font `lmex10' loaded for size
(Font)              <6> on input line 7.
LaTeX Font Info:    Font shape `T1/lmss/bx/it' in size <12> not available
(Font)              Font shape `T1/lmss/bx/sl' tried instead on input line 26.
) [9

])
\openout2 = `chapters/1-chapter.aux'.

 (./chapters/1-chapter.tex
LaTeX Font Info:    Font shape `T1/lmss/b/n' in size <12> not available
(Font)              Font shape `T1/lmss/bx/n' tried instead on input line 18.
LaTeX Font Info:    Trying to load font information for TS1+lmr on input line 2
8.

(/usr/share/texmf/tex/latex/lm/ts1lmr.fd
File: ts1lmr.fd 2015/05/01 v1.6.1 Font defs for Latin Modern
) [10



]) [11{/usr/share/texmf/fonts/enc/dvips/lm/lm-ts1.enc}]
\openout2 = `chapters/2-chapter.aux'.

 (./chapters/2-chapter.tex [12




]
<images/figura1.pdf, id=195, 481.8pt x 336.50719pt>
File: images/figura1.pdf Graphic file (type pdf)
<use images/figura1.pdf>
Package pdftex.def Info: images/figura1.pdf  used on input line 24.
(pdftex.def)             Requested size: 481.79881pt x 288.1369pt.

Overfull \hbox (26.79881pt too wide) in paragraph at lines 24--25
 [] 
 []

LaTeX Font Info:    External font `lmex10' loaded for size
(Font)              <10> on input line 32.
LaTeX Font Info:    External font `lmex10' loaded for size
(Font)              <7> on input line 32.
LaTeX Font Info:    External font `lmex10' loaded for size
(Font)              <5> on input line 32.
<images/figura2.pdf, id=207, 481.8pt x 336.50719pt>
File: images/figura2.pdf Graphic file (type pdf)
<use images/figura2.pdf>
Package pdftex.def Info: images/figura2.pdf  used on input line 35.
(pdftex.def)             Requested size: 481.79881pt x 336.50635pt.

Overfull \hbox (26.79881pt too wide) in paragraph at lines 35--36
 [] 
 []

[13 <./images/figura1.pdf>]
<images/figura3.pdf, id=356, 457.80637pt x 145.09207pt>
File: images/figura3.pdf Graphic file (type pdf)
<use images/figura3.pdf>
Package pdftex.def Info: images/figura3.pdf  used on input line 46.
(pdftex.def)             Requested size: 457.80524pt x 145.0917pt.

Overfull \hbox (2.80524pt too wide) in paragraph at lines 46--47
 [] 
 []

[14 <./images/figura2.pdf>]
<images/figura4.pdf, id=375, 481.8pt x 336.50719pt>
File: images/figura4.pdf Graphic file (type pdf)
<use images/figura4.pdf>
Package pdftex.def Info: images/figura4.pdf  used on input line 62.
(pdftex.def)             Requested size: 481.79881pt x 336.50635pt.

Overfull \hbox (26.79881pt too wide) in paragraph at lines 62--63
 [] 
 []

<images/figura5.pdf, id=383, 481.8pt x 336.50719pt>
File: images/figura5.pdf Graphic file (type pdf)
<use images/figura5.pdf>
Package pdftex.def Info: images/figura5.pdf  used on input line 72.
(pdftex.def)             Requested size: 339.53539pt x 336.50635pt.
[15 <./images/figura3.pdf>] [16{/usr/share/texmf/fonts/enc/dvips/lm/lm-mathit.e
nc}{/usr/share/texmf/fonts/enc/dvips/lm/lm-mathsy.enc}{/usr/share/texmf/fonts/e
nc/dvips/lm/lm-rm.enc} <./images/figura4.pdf>] [17 <./images/figura5.pdf>]
<images/figura6.pdf, id=1608, 211.18698pt x 154.16296pt>
File: images/figura6.pdf Graphic file (type pdf)
<use images/figura6.pdf>
Package pdftex.def Info: images/figura6.pdf  used on input line 103.
(pdftex.def)             Requested size: 211.18646pt x 154.16258pt.

[18 <./images/figura6.pdf>]
<images/tiposdebloqueio.jpg, id=1672, 1003.75pt x 702.625pt>
File: images/tiposdebloqueio.jpg Graphic file (type jpg)
<use images/tiposdebloqueio.jpg>
Package pdftex.def Info: images/tiposdebloqueio.jpg  used on input line 131.
(pdftex.def)             Requested size: 455.0pt x 318.50482pt.
) [19] [20 <./images/tiposdebloqueio.jpg>]
\openout2 = `chapters/3-chapter.aux'.


(./chapters/3-chapter.tex
<images/figura7.pdf, id=1697, 845.1575pt x 597.23125pt>
File: images/figura7.pdf Graphic file (type pdf)
<use images/figura7.pdf>
Package pdftex.def Info: images/figura7.pdf  used on input line 14.
(pdftex.def)             Requested size: 455.0pt x 321.53409pt.
LaTeX Font Info:    Font shape `T1/lmss/b/it' in size <12> not available
(Font)              Font shape `T1/lmss/bx/it' tried instead on input line 20.
LaTeX Font Info:    Font shape `T1/lmss/bx/it' in size <12> not available
(Font)              Font shape `T1/lmss/bx/sl' tried instead on input line 20.
 [21




] [22 <./images/figura7.pdf>] [23] [24]

LaTeX Warning: Command \c invalid in math mode on input line 88.


LaTeX Warning: Command \~ invalid in math mode on input line 88.


LaTeX Warning: Command \c invalid in math mode on input line 91.


LaTeX Warning: Command \~ invalid in math mode on input line 91.


Overfull \hbox (4.37086pt too wide) in paragraph at lines 105--105
[]|\T1/lmr/m/n/12 (-10) Maravilha|  
 []

[25]
LaTeX Font Info:    External font `lmex10' loaded for size
(Font)              <10.95> on input line 135.
LaTeX Font Info:    Trying to load font information for T1+lmtt on input line 1
74.
 (/usr/share/texmf/tex/latex/lm/t1lmtt.fd
File: t1lmtt.fd 2015/05/01 v1.6.1 Font defs for Latin Modern
)
LaTeX Font Info:    Font shape `T1/lmtt/bx/n' in size <12> not available
(Font)              Font shape `T1/lmtt/b/n' tried instead on input line 174.
Package microtype Info: Loading generic protrusion settings for font family
(microtype)             `lmtt' (encoding: T1).
(microtype)             For optimal results, create family-specific settings.
(microtype)             See the microtype manual for details.
 [26]
Overfull \hbox (1.77084pt too wide) in paragraph at lines 197--212
 [][] 
 []

) [27]
\openout2 = `chapters/4-chapter.aux'.

 (./chapters/4-chapter.tex
<images/aod550_2024-09-13_regiao.png, id=1781, 462.528pt x 346.896pt>
File: images/aod550_2024-09-13_regiao.png Graphic file (type png)
<use images/aod550_2024-09-13_regiao.png>
Package pdftex.def Info: images/aod550_2024-09-13_regiao.png  used on input lin
e 12.
(pdftex.def)             Requested size: 218.39806pt x 150.36319pt.
<images/bcaod550_2024-09-13_regiao.png, id=1784, 462.528pt x 346.896pt>
File: images/bcaod550_2024-09-13_regiao.png Graphic file (type png)
<use images/bcaod550_2024-09-13_regiao.png>
Package pdftex.def Info: images/bcaod550_2024-09-13_regiao.png  used on input l
ine 19.
(pdftex.def)             Requested size: 218.39806pt x 150.36319pt.
<images/aod550_climatologia_regiao.png, id=1786, 436.029pt x 316.0608pt>
File: images/aod550_climatologia_regiao.png Graphic file (type png)
<use images/aod550_climatologia_regiao.png>
Package pdftex.def Info: images/aod550_climatologia_regiao.png  used on input l
ine 27.
(pdftex.def)             Requested size: 218.39806pt x 144.05821pt.
<images/bcaod550_climatologia_regiao.png, id=1788, 487.5816pt x 316.0608pt>
File: images/bcaod550_climatologia_regiao.png Graphic file (type png)
<use images/bcaod550_climatologia_regiao.png>
Package pdftex.def Info: images/bcaod550_climatologia_regiao.png  used on input
 line 34.
(pdftex.def)             Requested size: 218.39806pt x 128.82559pt.
 [28




 <./images/aod550_2024-09-13_regiao.png> <./images/bcaod550_2024-09-13_regiao.p
ng> <./images/aod550_climatologia_regiao.png> <./images/bcaod550_climatologia_r
egiao.png>]
<images/sinotica_20240905_1200.png, id=1807, 936.1374pt x 843.15pt>
File: images/sinotica_20240905_1200.png Graphic file (type png)
<use images/sinotica_20240905_1200.png>
Package pdftex.def Info: images/sinotica_20240905_1200.png  used on input line 
53.
(pdftex.def)             Requested size: 218.39806pt x 183.4238pt.
<images/superficie_20240905_1200.png, id=1809, 936.1374pt x 843.15pt>
File: images/superficie_20240905_1200.png Graphic file (type png)
<use images/superficie_20240905_1200.png>
Package pdftex.def Info: images/superficie_20240905_1200.png  used on input lin
e 54.
(pdftex.def)             Requested size: 218.39806pt x 183.4238pt.
<images/sinotica_20240908_1200.png, id=1811, 936.1374pt x 843.15pt>
File: images/sinotica_20240908_1200.png Graphic file (type png)
<use images/sinotica_20240908_1200.png>
Package pdftex.def Info: images/sinotica_20240908_1200.png  used on input line 
65.
(pdftex.def)             Requested size: 218.39806pt x 183.4238pt.
<images/superficie_20240908_1200.png, id=1813, 936.1374pt x 843.15pt>
File: images/superficie_20240908_1200.png Graphic file (type png)
<use images/superficie_20240908_1200.png>
Package pdftex.def Info: images/superficie_20240908_1200.png  used on input lin
e 66.
(pdftex.def)             Requested size: 218.39806pt x 183.4238pt.
<images/sinotica_20240911_1200.png, id=1815, 936.1374pt x 843.15pt>
File: images/sinotica_20240911_1200.png Graphic file (type png)
<use images/sinotica_20240911_1200.png>
Package pdftex.def Info: images/sinotica_20240911_1200.png  used on input line 
76.
(pdftex.def)             Requested size: 218.39806pt x 183.4238pt.
<images/superficie_20240911_1200.png, id=1817, 936.1374pt x 843.15pt>
File: images/superficie_20240911_1200.png Graphic file (type png)
<use images/superficie_20240911_1200.png>
Package pdftex.def Info: images/superficie_20240911_1200.png  used on input lin
e 77.
(pdftex.def)             Requested size: 218.39806pt x 183.4238pt.
<images/sinotica_20240913_1200.png, id=1819, 936.1374pt x 843.15pt>
File: images/sinotica_20240913_1200.png Graphic file (type png)
<use images/sinotica_20240913_1200.png>
Package pdftex.def Info: images/sinotica_20240913_1200.png  used on input line 
89.
(pdftex.def)             Requested size: 218.39806pt x 183.4238pt.
<images/superficie_20240913_1200.png, id=1821, 936.1374pt x 843.15pt>
File: images/superficie_20240913_1200.png Graphic file (type png)
<use images/superficie_20240913_1200.png>
Package pdftex.def Info: images/superficie_20240913_1200.png  used on input lin
e 90.
(pdftex.def)             Requested size: 218.39806pt x 183.4238pt.
<images/goes16_ch13_202409051200.jpg, id=1823, 2200.22pt x 2336.73pt>
File: images/goes16_ch13_202409051200.jpg Graphic file (type jpg)
<use images/goes16_ch13_202409051200.jpg>
Package pdftex.def Info: images/goes16_ch13_202409051200.jpg  used on input lin
e 102.
(pdftex.def)             Requested size: 181.99722pt x 185.0515pt.
<images/goes16_ch13_202409081200.jpg, id=1825, 2200.22pt x 2336.73pt>
File: images/goes16_ch13_202409081200.jpg Graphic file (type jpg)
<use images/goes16_ch13_202409081200.jpg>
Package pdftex.def Info: images/goes16_ch13_202409081200.jpg  used on input lin
e 109.
(pdftex.def)             Requested size: 181.99722pt x 185.0515pt.
<images/goes16_ch13_202409111200.jpg, id=1827, 2200.22pt x 2336.73pt>
File: images/goes16_ch13_202409111200.jpg Graphic file (type jpg)
<use images/goes16_ch13_202409111200.jpg>
Package pdftex.def Info: images/goes16_ch13_202409111200.jpg  used on input lin
e 116.
(pdftex.def)             Requested size: 181.99722pt x 185.0515pt.
<images/goes16_ch13_202409131200.jpg, id=1829, 2200.22pt x 2336.73pt>
File: images/goes16_ch13_202409131200.jpg Graphic file (type jpg)
<use images/goes16_ch13_202409131200.jpg>
Package pdftex.def Info: images/goes16_ch13_202409131200.jpg  used on input lin
e 123.
(pdftex.def)             Requested size: 181.99722pt x 185.0515pt.
 [29 <./images/sinotica_20240905_1200.png> <./images/superficie_20240905_1200.p
ng> <./images/sinotica_20240908_1200.png> <./images/superficie_20240908_1200.pn
g>]
<images/vento_750hPa_2024-09-11.pdf, id=1849, 468.30356pt x 545.1937pt>
File: images/vento_750hPa_2024-09-11.pdf Graphic file (type pdf)
<use images/vento_750hPa_2024-09-11.pdf>
Package pdftex.def Info: images/vento_750hPa_2024-09-11.pdf  used on input line
 145.
(pdftex.def)             Requested size: 141.04889pt x 159.06635pt.
<images/vento_750hPa_2024-09-12.pdf, id=1851, 468.30356pt x 545.1937pt>
File: images/vento_750hPa_2024-09-12.pdf Graphic file (type pdf)
<use images/vento_750hPa_2024-09-12.pdf>
Package pdftex.def Info: images/vento_750hPa_2024-09-12.pdf  used on input line
 152.
(pdftex.def)             Requested size: 141.04889pt x 159.06635pt.
<images/vento_750hPa_2024-09-13.pdf, id=1853, 468.30356pt x 545.1937pt>
File: images/vento_750hPa_2024-09-13.pdf Graphic file (type pdf)
<use images/vento_750hPa_2024-09-13.pdf>
Package pdftex.def Info: images/vento_750hPa_2024-09-13.pdf  used on input line
 159.
(pdftex.def)             Requested size: 141.04889pt x 159.06635pt.
<images/vento_800hPa_2024-09-11.pdf, id=1855, 468.30356pt x 545.1937pt>
File: images/vento_800hPa_2024-09-11.pdf Graphic file (type pdf)
<use images/vento_800hPa_2024-09-11.pdf>
Package pdftex.def Info: images/vento_800hPa_2024-09-11.pdf  used on input line
 169.
(pdftex.def)             Requested size: 141.04889pt x 159.06635pt.
<images/vento_800hPa_2024-09-12.pdf, id=1857, 468.30356pt x 545.1937pt>
File: images/vento_800hPa_2024-09-12.pdf Graphic file (type pdf)
<use images/vento_800hPa_2024-09-12.pdf>
Package pdftex.def Info: images/vento_800hPa_2024-09-12.pdf  used on input line
 176.
(pdftex.def)             Requested size: 141.04889pt x 159.06635pt.
<images/vento_800hPa_2024-09-13.pdf, id=1859, 468.30356pt x 545.1937pt>
File: images/vento_800hPa_2024-09-13.pdf Graphic file (type pdf)
<use images/vento_800hPa_2024-09-13.pdf>
Package pdftex.def Info: images/vento_800hPa_2024-09-13.pdf  used on input line
 183.
(pdftex.def)             Requested size: 141.04889pt x 159.06635pt.
<images/vento_850hPa_2024-09-11.pdf, id=1861, 468.30356pt x 545.1937pt>
File: images/vento_850hPa_2024-09-11.pdf Graphic file (type pdf)
<use images/vento_850hPa_2024-09-11.pdf>
Package pdftex.def Info: images/vento_850hPa_2024-09-11.pdf  used on input line
 193.
(pdftex.def)             Requested size: 141.04889pt x 159.06635pt.
<images/vento_850hPa_2024-09-12.pdf, id=1863, 468.30356pt x 545.1937pt>
File: images/vento_850hPa_2024-09-12.pdf Graphic file (type pdf)
<use images/vento_850hPa_2024-09-12.pdf>
Package pdftex.def Info: images/vento_850hPa_2024-09-12.pdf  used on input line
 201.
(pdftex.def)             Requested size: 141.04889pt x 159.06635pt.
<images/vento_850hPa_2024-09-13.pdf, id=1865, 468.30356pt x 545.1937pt>
File: images/vento_850hPa_2024-09-13.pdf Graphic file (type pdf)
<use images/vento_850hPa_2024-09-13.pdf>
Package pdftex.def Info: images/vento_850hPa_2024-09-13.pdf  used on input line
 208.
(pdftex.def)             Requested size: 141.04889pt x 159.06635pt.
<images/chapeco_traj.png, id=1867, 490.83376pt x 541.02126pt>
File: images/chapeco_traj.png Graphic file (type png)
<use images/chapeco_traj.png>
Package pdftex.def Info: images/chapeco_traj.png  used on input line 223.
(pdftex.def)             Requested size: 141.04889pt x 138.30171pt.
<images/saomiguel_traj.png, id=1869, 547.04375pt x 604.2575pt>
File: images/saomiguel_traj.png Graphic file (type png)
<use images/saomiguel_traj.png>
Package pdftex.def Info: images/saomiguel_traj.png  used on input line 230.
(pdftex.def)             Requested size: 141.04889pt x 138.92963pt.
<images/maravilha_traj.png, id=1871, 547.04375pt x 604.2575pt>
File: images/maravilha_traj.png Graphic file (type png)
<use images/maravilha_traj.png>
Package pdftex.def Info: images/maravilha_traj.png  used on input line 237.
(pdftex.def)             Requested size: 141.04889pt x 138.92963pt.
<images/bc_000.png, id=1873, 451.4466pt x 448.5558pt>
File: images/bc_000.png Graphic file (type png)
<use images/bc_000.png>
Package pdftex.def Info: images/bc_000.png  used on input line 251.
(pdftex.def)             Requested size: 141.04889pt x 133.92317pt.
<images/bc_001.png, id=1875, 451.4466pt x 448.5558pt>
File: images/bc_001.png Graphic file (type png)
<use images/bc_001.png>
Package pdftex.def Info: images/bc_001.png  used on input line 258.
(pdftex.def)             Requested size: 141.04889pt x 133.92317pt.
<images/bc_002.png, id=1877, 451.4466pt x 448.5558pt>
File: images/bc_002.png Graphic file (type png)
<use images/bc_002.png>
Package pdftex.def Info: images/bc_002.png  used on input line 265.
(pdftex.def)             Requested size: 141.04889pt x 133.92317pt.
<images/bc_003.png, id=1879, 451.4466pt x 448.5558pt>
File: images/bc_003.png Graphic file (type png)
<use images/bc_003.png>
Package pdftex.def Info: images/bc_003.png  used on input line 275.
(pdftex.def)             Requested size: 141.04889pt x 133.92317pt.
<images/bc_004.png, id=1881, 451.4466pt x 448.5558pt>
File: images/bc_004.png Graphic file (type png)
<use images/bc_004.png>
Package pdftex.def Info: images/bc_004.png  used on input line 282.
(pdftex.def)             Requested size: 141.04889pt x 133.92317pt.
<images/bc_005.png, id=1883, 451.4466pt x 448.5558pt>
File: images/bc_005.png Graphic file (type png)
<use images/bc_005.png>
Package pdftex.def Info: images/bc_005.png  used on input line 289.
(pdftex.def)             Requested size: 141.04889pt x 133.92317pt.
<images/bc_006.png, id=1885, 451.4466pt x 448.5558pt>
File: images/bc_006.png Graphic file (type png)
<use images/bc_006.png>
Package pdftex.def Info: images/bc_006.png  used on input line 299.
(pdftex.def)             Requested size: 141.04889pt x 133.92317pt.
<images/bc_007.png, id=1887, 451.4466pt x 448.5558pt>
File: images/bc_007.png Graphic file (type png)
<use images/bc_007.png>
Package pdftex.def Info: images/bc_007.png  used on input line 306.
(pdftex.def)             Requested size: 141.04889pt x 133.92317pt.
<images/bc_008.png, id=1889, 451.4466pt x 448.5558pt>
File: images/bc_008.png Graphic file (type png)
<use images/bc_008.png>
Package pdftex.def Info: images/bc_008.png  used on input line 313.
(pdftex.def)             Requested size: 141.04889pt x 133.92317pt.
<images/bc_009.png, id=1891, 451.4466pt x 448.5558pt>
File: images/bc_009.png Graphic file (type png)
<use images/bc_009.png>
Package pdftex.def Info: images/bc_009.png  used on input line 323.
(pdftex.def)             Requested size: 141.04889pt x 133.92317pt.
<images/bc_010.png, id=1893, 451.4466pt x 448.5558pt>
File: images/bc_010.png Graphic file (type png)
<use images/bc_010.png>
Package pdftex.def Info: images/bc_010.png  used on input line 330.
(pdftex.def)             Requested size: 141.04889pt x 133.92317pt.
<images/bc_011.png, id=1895, 451.4466pt x 448.5558pt>
File: images/bc_011.png Graphic file (type png)
<use images/bc_011.png>
Package pdftex.def Info: images/bc_011.png  used on input line 337.
(pdftex.def)             Requested size: 141.04889pt x 133.92317pt.
<images/bc_012.png, id=1897, 451.4466pt x 448.5558pt>
File: images/bc_012.png Graphic file (type png)
<use images/bc_012.png>
Package pdftex.def Info: images/bc_012.png  used on input line 351.
(pdftex.def)             Requested size: 141.04889pt x 133.92317pt.
<images/bc_013.png, id=1899, 451.4466pt x 448.5558pt>
File: images/bc_013.png Graphic file (type png)
<use images/bc_013.png>
Package pdftex.def Info: images/bc_013.png  used on input line 358.
(pdftex.def)             Requested size: 141.04889pt x 133.92317pt.
<images/bc_014.png, id=1901, 451.4466pt x 448.5558pt>
File: images/bc_014.png Graphic file (type png)
<use images/bc_014.png>
Package pdftex.def Info: images/bc_014.png  used on input line 365.
(pdftex.def)             Requested size: 141.04889pt x 133.92317pt.
<images/bc_015.png, id=1903, 451.4466pt x 448.5558pt>
File: images/bc_015.png Graphic file (type png)
<use images/bc_015.png>
Package pdftex.def Info: images/bc_015.png  used on input line 375.
(pdftex.def)             Requested size: 141.04889pt x 133.92317pt.
<images/pm25_000.png, id=1905, 419.6478pt x 448.5558pt>
File: images/pm25_000.png Graphic file (type png)
<use images/pm25_000.png>
Package pdftex.def Info: images/pm25_000.png  used on input line 390.
(pdftex.def)             Requested size: 141.04889pt x 144.06749pt.
<images/pm25_001.png, id=1907, 419.6478pt x 448.5558pt>
File: images/pm25_001.png Graphic file (type png)
<use images/pm25_001.png>
Package pdftex.def Info: images/pm25_001.png  used on input line 397.
(pdftex.def)             Requested size: 141.04889pt x 144.06749pt.
<images/pm25_002.png, id=1909, 419.6478pt x 448.5558pt>
File: images/pm25_002.png Graphic file (type png)
<use images/pm25_002.png>
Package pdftex.def Info: images/pm25_002.png  used on input line 404.
(pdftex.def)             Requested size: 141.04889pt x 144.06749pt.
<images/pm25_003.png, id=1911, 419.6478pt x 448.5558pt>
File: images/pm25_003.png Graphic file (type png)
<use images/pm25_003.png>
Package pdftex.def Info: images/pm25_003.png  used on input line 414.
(pdftex.def)             Requested size: 141.04889pt x 144.06749pt.
<images/pm25_004.png, id=1913, 419.6478pt x 448.5558pt>
File: images/pm25_004.png Graphic file (type png)
<use images/pm25_004.png>
Package pdftex.def Info: images/pm25_004.png  used on input line 421.
(pdftex.def)             Requested size: 141.04889pt x 144.06749pt.
<images/pm25_005.png, id=1915, 419.6478pt x 448.5558pt>
File: images/pm25_005.png Graphic file (type png)
<use images/pm25_005.png>
Package pdftex.def Info: images/pm25_005.png  used on input line 428.
(pdftex.def)             Requested size: 141.04889pt x 144.06749pt.
<images/pm25_006.png, id=1917, 419.6478pt x 448.5558pt>
File: images/pm25_006.png Graphic file (type png)
<use images/pm25_006.png>
Package pdftex.def Info: images/pm25_006.png  used on input line 438.
(pdftex.def)             Requested size: 141.04889pt x 144.06749pt.
<images/pm25_007.png, id=1919, 419.6478pt x 448.5558pt>
File: images/pm25_007.png Graphic file (type png)
<use images/pm25_007.png>
Package pdftex.def Info: images/pm25_007.png  used on input line 445.
(pdftex.def)             Requested size: 141.04889pt x 144.06749pt.
<images/pm25_008.png, id=1921, 419.6478pt x 448.5558pt>
File: images/pm25_008.png Graphic file (type png)
<use images/pm25_008.png>
Package pdftex.def Info: images/pm25_008.png  used on input line 452.
(pdftex.def)             Requested size: 141.04889pt x 144.06749pt.
<images/pm25_009.png, id=1923, 419.6478pt x 448.5558pt>
File: images/pm25_009.png Graphic file (type png)
<use images/pm25_009.png>
Package pdftex.def Info: images/pm25_009.png  used on input line 462.
(pdftex.def)             Requested size: 141.04889pt x 144.06749pt.
<images/pm25_010.png, id=1925, 419.6478pt x 448.5558pt>
File: images/pm25_010.png Graphic file (type png)
<use images/pm25_010.png>
Package pdftex.def Info: images/pm25_010.png  used on input line 469.
(pdftex.def)             Requested size: 141.04889pt x 144.06749pt.
<images/pm25_011.png, id=1927, 419.6478pt x 448.5558pt>
File: images/pm25_011.png Graphic file (type png)
<use images/pm25_011.png>
Package pdftex.def Info: images/pm25_011.png  used on input line 476.
(pdftex.def)             Requested size: 141.04889pt x 144.06749pt.


LaTeX Warning: Float too large for page by 14.11957pt on input line 481.

<images/pm25_012.png, id=1929, 419.6478pt x 448.5558pt>
File: images/pm25_012.png Graphic file (type png)
<use images/pm25_012.png>
Package pdftex.def Info: images/pm25_012.png  used on input line 490.
(pdftex.def)             Requested size: 141.04889pt x 144.06749pt.
<images/pm25_013.png, id=1931, 419.6478pt x 448.5558pt>
File: images/pm25_013.png Graphic file (type png)
<use images/pm25_013.png>
Package pdftex.def Info: images/pm25_013.png  used on input line 497.
(pdftex.def)             Requested size: 141.04889pt x 144.06749pt.
<images/pm25_014.png, id=1933, 419.6478pt x 448.5558pt>
File: images/pm25_014.png Graphic file (type png)
<use images/pm25_014.png>
Package pdftex.def Info: images/pm25_014.png  used on input line 504.
(pdftex.def)             Requested size: 141.04889pt x 144.06749pt.
<images/pm25_015.png, id=1935, 419.6478pt x 448.5558pt>
File: images/pm25_015.png Graphic file (type png)
<use images/pm25_015.png>
Package pdftex.def Info: images/pm25_015.png  used on input line 514.
(pdftex.def)             Requested size: 141.04889pt x 144.06749pt.
) [30 <./images/sinotica_20240911_1200.png> <./images/superficie_20240911_1200.
png> <./images/sinotica_20240913_1200.png> <./images/superficie_20240913_1200.p
ng>] [31 <./images/goes16_ch13_202409051200.jpg> <./images/goes16_ch13_20240908
1200.jpg> <./images/goes16_ch13_202409111200.jpg> <./images/goes16_ch13_2024091
31200.jpg>] [32 <./images/vento_750hPa_2024-09-11.pdf> <./images/vento_750hPa_2
024-09-12.pdf> <./images/vento_750hPa_2024-09-13.pdf> <./images/vento_800hPa_20
24-09-11.pdf> <./images/vento_800hPa_2024-09-12.pdf> <./images/vento_800hPa_202
4-09-13.pdf> <./images/vento_850hPa_2024-09-11.pdf> <./images/vento_850hPa_2024
-09-12.pdf> <./images/vento_850hPa_2024-09-13.pdf>] [33 <./images/chapeco_traj.
png> <./images/saomiguel_traj.png> <./images/maravilha_traj.png>] [34 <./images
/bc_000.png> <./images/bc_001.png> <./images/bc_002.png> <./images/bc_003.png> 
<./images/bc_004.png> <./images/bc_005.png> <./images/bc_006.png> <./images/bc_
007.png> <./images/bc_008.png> <./images/bc_009.png> <./images/bc_010.png> <./i
mages/bc_011.png>] [35 <./images/bc_012.png> <./images/bc_013.png> <./images/bc
_014.png> <./images/bc_015.png>]
Overfull \vbox (5.0pt too high) has occurred while \output is active []

 [36 <./images/pm25_000.png> <./images/pm25_001.png> <./images/pm25_002.png> <.
/images/pm25_003.png> <./images/pm25_004.png> <./images/pm25_005.png> <./images
/pm25_006.png> <./images/pm25_007.png> <./images/pm25_008.png> <./images/pm25_0
09.png> <./images/pm25_010.png> <./images/pm25_011.png>] [37 <./images/pm25_012
.png> <./images/pm25_013.png> <./images/pm25_014.png> <./images/pm25_015.png>] 
[38



]
[39] [40] [41]
\tf@toc=\write6
\openout6 = `main.toc'.

 
enddocument/afterlastpage: lastpage setting LastPage.
(./main.aux (./chapters/1-chapter.aux) (./chapters/2-chapter.aux)
(./chapters/3-chapter.aux) (./chapters/4-chapter.aux))
 ***********
LaTeX2e <2023-11-01> patch level 1
L3 programming layer <2020/03/25>
 ***********
Package logreq Info: Writing requests to 'main.run.xml'.
\openout1 = `main.run.xml'.

 ) 
Here is how much of TeX's memory you used:
 39412 strings out of 476089
 768399 string characters out of 5793232
 1950975 words of memory out of 5000000
 60575 multiletter control sequences out of 15000+600000
 644369 words of font info for 154 fonts, out of 8000000 for 9000
 61 hyphenation exceptions out of 8191
 109i,17n,131p,2324b,4456s stack positions out of 10000i,1000n,20000p,200000b,200000s
</usr/share/texmf/fonts/type1/public/lm/lmbx10.pfb></usr/share/texmf/fonts/ty
pe1/public/lm/lmbx12.pfb></usr/share/texmf/fonts/type1/public/lm/lmmi12.pfb></u
sr/share/texmf/fonts/type1/public/lm/lmmi8.pfb></usr/share/texmf/fonts/type1/pu
blic/lm/lmr10.pfb></usr/share/texmf/fonts/type1/public/lm/lmr12.pfb></usr/share
/texmf/fonts/type1/public/lm/lmr7.pfb></usr/share/texmf/fonts/type1/public/lm/l
mr8.pfb></usr/share/texmf/fonts/type1/public/lm/lmri10.pfb></usr/share/texmf/fo
nts/type1/public/lm/lmri12.pfb></usr/share/texmf/fonts/type1/public/lm/lmss12.p
fb></usr/share/texmf/fonts/type1/public/lm/lmssbo10.pfb></usr/share/texmf/fonts
/type1/public/lm/lmssbx10.pfb></usr/share/texmf/fonts/type1/public/lm/lmsy10.pf
b></usr/share/texmf/fonts/type1/public/lm/lmsy8.pfb></usr/share/texmf/fonts/typ
e1/public/lm/lmtk10.pfb></usr/share/texmf/fonts/type1/public/lm/lmtt12.pfb></us
r/share/texlive/texmf-dist/fonts/type1/urw/palatino/uplr8a.pfb></usr/share/texl
ive/texmf-dist/fonts/type1/urw/palatino/uplri8a.pfb>
Output written on main.pdf (42 pages, 25828907 bytes).
PDF statistics:
 2712 PDF objects out of 2984 (max. 8388607)
 1110 compressed objects within 12 object streams
 152 named destinations out of 1000 (max. 500000)
 53258 words of extra memory for PDF output out of 61914 (max. 10000000)

